  • electron-builder  version=26.7.0 os=10.0.22631
  • loaded configuration  file=package.json ("build" field)
  • effective config  config=directories:
  output: dist_electron
  buildResources: build
appId: com.standpos.pos
productName: StandPOS
files:
  - filter:
      - dist/**/*
      - server/**/*
      - electron/**/*
      - package.json
win:
  target: nsis
  icon: public/icon.png
nsis:
  oneClick: false
  allowToChangeInstallationDirectory: true
asar: true
npmRebuild: false

  • @electron/rebuild already used by electron-builder, please consider to remove excess dependency from devDependencies

To ensure your native dependencies are always matched electron version, simply add script `"postinstall": "electron-builder install-app-deps" to your `package.json`
  • no event listeners found  event=beforePack
  • skipped dependencies rebuild  reason=npmRebuild is set to false
  • packaging       platform=win32 arch=x64 electron=29.4.6 appOutDir=dist_electron\win-unpacked
  • no custom electronDist provided, unpacking default Electron distribution
  • spawning        command=C:\Users\willy\OneDrive\Desktop\Backup\Back\StandPOS\node_modules\app-builder-bin\win\x64\app-builder.exe unpack-electron --configuration [{"platform":"win32","arch":"x64","version":"29.4.6"}] --output C:\Users\willy\OneDrive\Desktop\Backup\Back\StandPOS\dist_electron\win-unpacked --distMacOsAppName Electron.app
  • map async       taskCount=2
  • map async       taskCount=1
  • map async       taskCount=73
  • exited          command=app-builder.exe code=0 pid=2068
  • no event listeners found  event=afterExtract
  • spawning        command=npm prefix -w cwd=C:\Users\willy\OneDrive\Desktop\Backup\Back\StandPOS
  • exited          command=npm code=1 pid=18080
  • searching for node modules  pm=npm searchDir=C:\Users\willy\OneDrive\Desktop\Backup\Back\StandPOS
  • node modules collection complete  packageName=standpos depCount=366
  • collected node modules  pm=npm nodeModules=[{"name":"@babel/runtime","version":"7.28.6","dir":"C:\\Users\\willy\\OneDrive\\Desktop\\Backup\\Back\\StandPOS\\node_modules\\@babel\\runtime"},{"name":"@date-fns/tz","version":"1.4.1","dir":"C:\\Users\\willy\\OneDrive\\Desktop\\Backup\\Back\\StandPOS\\node_modules\\@date-fns\\tz"},{"name":"@emotion/is-prop-valid","version":"0.8.8","dir":"C:\\Users\\willy\\OneDrive\\Desktop\\Backup\\Back\\StandPOS\\node_modules\\@emotion\\is-prop-valid"},{"name":"@emotion/memoize","version":"0.7.4","dir":"C:\\Users\\willy\\OneDrive\\Desktop\\Backup\\Back\\StandPOS\\node_modules\\@emotion\\memoize"},{"name":"@floating-ui/core","version":"1.7.3","dir":"C:\\Users\\willy\\OneDrive\\Desktop\\Backup\\Back\\StandPOS\\node_modules\\@floating-ui\\core"},{"name":"@floating-ui/dom","version":"1.7.4","dir":"C:\\Users\\willy\\OneDrive\\Desktop\\Backup\\Back\\StandPOS\\node_modules\\@floating-ui\\dom"},{"name":"@floating-ui/react-dom","version":"2.1.6","dir":"C:\\Users\\willy\\OneDrive\\Desktop\\Backup\\Back\\StandPOS\\node_modules\\@floating-ui\\react-dom"},{"name":"@floating-ui/utils","version":"0.2.10","dir":"C:\\Users\\willy\\OneDrive\\Desktop\\Backup\\Back\\StandPOS\\node_modules\\@floating-ui\\utils"},{"name":"@isaacs/cliui","version":"8.0.2","dir":"C:\\Users\\willy\\OneDrive\\Desktop\\Backup\\Back\\StandPOS\\node_modules\\@isaacs\\cliui","dependencies":[{"name":"ansi-regex","version":"6.2.2","dir":"C:\\Users\\willy\\OneDrive\\Desktop\\Backup\\Back\\StandPOS\\node_modules\\@isaacs\\cliui\\node_modules\\ansi-regex"},{"name":"emoji-regex","version":"9.2.2","dir":"C:\\Users\\willy\\OneDrive\\Desktop\\Backup\\Back\\StandPOS\\node_modules\\@isaacs\\cliui\\node_modules\\emoji-regex"},{"name":"string-width","version":"5.1.2","dir":"C:\\Users\\willy\\OneDrive\\Desktop\\Backup\\Back\\StandPOS\\node_modules\\@isaacs\\cliui\\node_modules\\string-width"},{"name":"strip-ansi","version":"7.1.2","dir":"C:\\Users\\willy\\OneDrive\\Desktop\\Backup\\Back\\StandPOS\\node_modules\\@isaacs\\cliui\\node_modules\\strip-ansi"}]},{"name":"@pkgjs/parseargs","version":"0.11.0","dir":"C:\\Users\\willy\\OneDrive\\Desktop\\Backup\\Back\\StandPOS\\node_modules\\@pkgjs\\parseargs"},{"name":"@radix-ui/number","version":"1.1.1","dir":"C:\\Users\\willy\\OneDrive\\Desktop\\Backup\\Back\\StandPOS\\node_modules\\@radix-ui\\number"},{"name":"@radix-ui/primitive","version":"1.1.3","dir":"C:\\Users\\willy\\OneDrive\\Desktop\\Backup\\Back\\StandPOS\\node_modules\\@radix-ui\\primitive"},{"name":"@radix-ui/react-accordion","version":"1.2.12","dir":"C:\\Users\\willy\\OneDrive\\Desktop\\Backup\\Back\\StandPOS\\node_modules\\@radix-ui\\react-accordion"},{"name":"@radix-ui/react-alert-dialog","version":"1.1.15","dir":"C:\\Users\\willy\\OneDrive\\Desktop\\Backup\\Back\\StandPOS\\node_modules\\@radix-ui\\react-alert-dialog","dependencies":[{"name":"@radix-ui/react-slot","version":"1.2.3","dir":"C:\\Users\\willy\\OneDrive\\Desktop\\Backup\\Back\\StandPOS\\node_modules\\@radix-ui\\react-tooltip\\node_modules\\@radix-ui\\react-slot"}]},{"name":"@radix-ui/react-arrow","version":"1.1.7","dir":"C:\\Users\\willy\\OneDrive\\Desktop\\Backup\\Back\\StandPOS\\node_modules\\@radix-ui\\react-arrow"},{"name":"@radix-ui/react-aspect-ratio","version":"1.1.8","dir":"C:\\Users\\willy\\OneDrive\\Desktop\\Backup\\Back\\StandPOS\\node_modules\\@radix-ui\\react-aspect-ratio","dependencies":[{"name":"@radix-ui/react-primitive","version":"2.1.4","dir":"C:\\Users\\willy\\OneDrive\\Desktop\\Backup\\Back\\StandPOS\\node_modules\\@radix-ui\\react-separator\\node_modules\\@radix-ui\\react-primitive"}]},{"name":"@radix-ui/react-avatar","version":"1.1.11","dir":"C:\\Users\\willy\\OneDrive\\Desktop\\Backup\\Back\\StandPOS\\node_modules\\@radix-ui\\react-avatar","dependencies":[{"name":"@radix-ui/react-context","version":"1.1.3","dir":"C:\\Users\\willy\\OneDrive\\Desktop\\Backup\\Back\\StandPOS\\node_modules\\@radix-ui\\react-progress\\node_modules\\@radix-ui\\react-context"},{"name":"@radix-ui/react-primitive","version":"2.1.4","dir":"C:\\Users\\willy\\OneDrive\\Desktop\\Backup\\Back\\StandPOS\\node_modules\\@radix-ui\\react-separator\\node_modules\\@radix-ui\\react-primitive"}]},{"name":"@radix-ui/react-checkbox","version":"1.3.3","dir":"C:\\Users\\willy\\OneDrive\\Desktop\\Backup\\Back\\StandPOS\\node_modules\\@radix-ui\\react-checkbox"},{"name":"@radix-ui/react-collapsible","version":"1.1.12","dir":"C:\\Users\\willy\\OneDrive\\Desktop\\Backup\\Back\\StandPOS\\node_modules\\@radix-ui\\react-collapsible"},{"name":"@radix-ui/react-collection","version":"1.1.7","dir":"C:\\Users\\willy\\OneDrive\\Desktop\\Backup\\Back\\StandPOS\\node_modules\\@radix-ui\\react-collection","dependencies":[{"name":"@radix-ui/react-slot","version":"1.2.3","dir":"C:\\Users\\willy\\OneDrive\\Desktop\\Backup\\Back\\StandPOS\\node_modules\\@radix-ui\\react-tooltip\\node_modules\\@radix-ui\\react-slot"}]},{"name":"@radix-ui/react-compose-refs","version":"1.1.2","dir":"C:\\Users\\willy\\OneDrive\\Desktop\\Backup\\Back\\StandPOS\\node_modules\\@radix-ui\\react-compose-refs"},{"name":"@radix-ui/react-context","version":"1.1.2","dir":"C:\\Users\\willy\\OneDrive\\Desktop\\Backup\\Back\\StandPOS\\node_modules\\@radix-ui\\react-context"},{"name":"@radix-ui/react-context-menu","version":"2.2.16","dir":"C:\\Users\\willy\\OneDrive\\Desktop\\Backup\\Back\\StandPOS\\node_modules\\@radix-ui\\react-context-menu"},{"name":"@radix-ui/react-dialog","version":"1.1.15","dir":"C:\\Users\\willy\\OneDrive\\Desktop\\Backup\\Back\\StandPOS\\node_modules\\@radix-ui\\react-dialog","dependencies":[{"name":"@radix-ui/react-slot","version":"1.2.3","dir":"C:\\Users\\willy\\OneDrive\\Desktop\\Backup\\Back\\StandPOS\\node_modules\\@radix-ui\\react-tooltip\\node_modules\\@radix-ui\\react-slot"}]},{"name":"@radix-ui/react-direction","version":"1.1.1","dir":"C:\\Users\\willy\\OneDrive\\Desktop\\Backup\\Back\\StandPOS\\node_modules\\@radix-ui\\react-direction"},{"name":"@radix-ui/react-dismissable-layer","version":"1.1.11","dir":"C:\\Users\\willy\\OneDrive\\Desktop\\Backup\\Back\\StandPOS\\node_modules\\@radix-ui\\react-dismissable-layer"},{"name":"@radix-ui/react-dropdown-menu","version":"2.1.16","dir":"C:\\Users\\willy\\OneDrive\\Desktop\\Backup\\Back\\StandPOS\\node_modules\\@radix-ui\\react-dropdown-menu"},{"name":"@radix-ui/react-focus-guards","version":"1.1.3","dir":"C:\\Users\\willy\\OneDrive\\Desktop\\Backup\\Back\\StandPOS\\node_modules\\@radix-ui\\react-focus-guards"},{"name":"@radix-ui/react-focus-scope","version":"1.1.7","dir":"C:\\Users\\willy\\OneDrive\\Desktop\\Backup\\Back\\StandPOS\\node_modules\\@radix-ui\\react-focus-scope"},{"name":"@radix-ui/react-hover-card","version":"1.1.15","dir":"C:\\Users\\willy\\OneDrive\\Desktop\\Backup\\Back\\StandPOS\\node_modules\\@radix-ui\\react-hover-card"},{"name":"@radix-ui/react-id","version":"1.1.1","dir":"C:\\Users\\willy\\OneDrive\\Desktop\\Backup\\Back\\StandPOS\\node_modules\\@radix-ui\\react-id"},{"name":"@radix-ui/react-label","version":"2.1.8","dir":"C:\\Users\\willy\\OneDrive\\Desktop\\Backup\\Back\\StandPOS\\node_modules\\@radix-ui\\react-label","dependencies":[{"name":"@radix-ui/react-primitive","version":"2.1.4","dir":"C:\\Users\\willy\\OneDrive\\Desktop\\Backup\\Back\\StandPOS\\node_modules\\@radix-ui\\react-separator\\node_modules\\@radix-ui\\react-primitive"}]},{"name":"@radix-ui/react-menu","version":"2.1.16","dir":"C:\\Users\\willy\\OneDrive\\Desktop\\Backup\\Back\\StandPOS\\node_modules\\@radix-ui\\react-menu","dependencies":[{"name":"@radix-ui/react-slot","version":"1.2.3","dir":"C:\\Users\\willy\\OneDrive\\Desktop\\Backup\\Back\\StandPOS\\node_modules\\@radix-ui\\react-tooltip\\node_modules\\@radix-ui\\react-slot"}]},{"name":"@radix-ui/react-menubar","version":"1.1.16","dir":"C:\\Users\\willy\\OneDrive\\Desktop\\Backup\\Back\\StandPOS\\node_modules\\@radix-ui\\react-menubar"},{"name":"@radix-ui/react-navigation-menu","version":"1.2.14","dir":"C:\\Users\\willy\\OneDrive\\Desktop\\Backup\\Back\\StandPOS\\node_modules\\@radix-ui\\react-navigation-menu"},{"name":"@radix-ui/react-popover","version":"1.1.15","dir":"C:\\Users\\willy\\OneDrive\\Desktop\\Backup\\Back\\StandPOS\\node_modules\\@radix-ui\\react-popover","dependencies":[{"name":"@radix-ui/react-slot","version":"1.2.3","dir":"C:\\Users\\willy\\OneDrive\\Desktop\\Backup\\Back\\StandPOS\\node_modules\\@radix-ui\\react-tooltip\\node_modules\\@radix-ui\\react-slot"}]},{"name":"@radix-ui/react-popper","version":"1.2.8","dir":"C:\\Users\\willy\\OneDrive\\Desktop\\Backup\\Back\\StandPOS\\node_modules\\@radix-ui\\react-popper"},{"name":"@radix-ui/react-portal","version":"1.1.9","dir":"C:\\Users\\willy\\OneDrive\\Desktop\\Backup\\Back\\StandPOS\\node_modules\\@radix-ui\\react-portal"},{"name":"@radix-ui/react-presence","version":"1.1.5","dir":"C:\\Users\\willy\\OneDrive\\Desktop\\Backup\\Back\\StandPOS\\node_modules\\@radix-ui\\react-presence"},{"name":"@radix-ui/react-primitive","version":"2.1.3","dir":"C:\\Users\\willy\\OneDrive\\Desktop\\Backup\\Back\\StandPOS\\node_modules\\@radix-ui\\react-primitive","dependencies":[{"name":"@radix-ui/react-slot","version":"1.2.3","dir":"C:\\Users\\willy\\OneDrive\\Desktop\\Backup\\Back\\StandPOS\\node_modules\\@radix-ui\\react-tooltip\\node_modules\\@radix-ui\\react-slot"}]},{"name":"@radix-ui/react-progress","version":"1.1.8","dir":"C:\\Users\\willy\\OneDrive\\Desktop\\Backup\\Back\\StandPOS\\node_modules\\@radix-ui\\react-progress","dependencies":[{"name":"@radix-ui/react-context","version":"1.1.3","dir":"C:\\Users\\willy\\OneDrive\\Desktop\\Backup\\Back\\StandPOS\\node_modules\\@radix-ui\\react-progress\\node_modules\\@radix-ui\\react-context"},{"name":"@radix-ui/react-primitive","version":"2.1.4","dir":"C:\\Users\\willy\\OneDrive\\Desktop\\Backup\\Back\\StandPOS\\node_modules\\@radix-ui\\react-separator\\node_modules\\@radix-ui\\react-primitive"}]},{"name":"@radix-ui/react-radio-group","version":"1.3.8","dir":"C:\\Users\\willy\\OneDrive\\Desktop\\Backup\\Back\\StandPOS\\node_modules\\@radix-ui\\react-radio-group"},{"name":"@radix-ui/react-roving-focus","version":"1.1.11","dir":"C:\\Users\\willy\\OneDrive\\Desktop\\Backup\\Back\\StandPOS\\node_modules\\@radix-ui\\react-roving-focus"},{"name":"@radix-ui/react-scroll-area","version":"1.2.10","dir":"C:\\Users\\willy\\OneDrive\\Desktop\\Backup\\Back\\StandPOS\\node_modules\\@radix-ui\\react-scroll-area"},{"name":"@radix-ui/react-select","version":"2.2.6","dir":"C:\\Users\\willy\\OneDrive\\Desktop\\Backup\\Back\\StandPOS\\node_modules\\@radix-ui\\react-select","dependencies":[{"name":"@radix-ui/react-slot","version":"1.2.3","dir":"C:\\Users\\willy\\OneDrive\\Desktop\\Backup\\Back\\StandPOS\\node_modules\\@radix-ui\\react-tooltip\\node_modules\\@radix-ui\\react-slot"}]},{"name":"@radix-ui/react-separator","version":"1.1.8","dir":"C:\\Users\\willy\\OneDrive\\Desktop\\Backup\\Back\\StandPOS\\node_modules\\@radix-ui\\react-separator","dependencies":[{"name":"@radix-ui/react-primitive","version":"2.1.4","dir":"C:\\Users\\willy\\OneDrive\\Desktop\\Backup\\Back\\StandPOS\\node_modules\\@radix-ui\\react-separator\\node_modules\\@radix-ui\\react-primitive"}]},{"name":"@radix-ui/react-slider","version":"1.3.6","dir":"C:\\Users\\willy\\OneDrive\\Desktop\\Backup\\Back\\StandPOS\\node_modules\\@radix-ui\\react-slider"},{"name":"@radix-ui/react-slot","version":"1.2.4","dir":"C:\\Users\\willy\\OneDrive\\Desktop\\Backup\\Back\\StandPOS\\node_modules\\@radix-ui\\react-slot"},{"name":"@radix-ui/react-switch","version":"1.2.6","dir":"C:\\Users\\willy\\OneDrive\\Desktop\\Backup\\Back\\StandPOS\\node_modules\\@radix-ui\\react-switch"},{"name":"@radix-ui/react-tabs","version":"1.1.13","dir":"C:\\Users\\willy\\OneDrive\\Desktop\\Backup\\Back\\StandPOS\\node_modules\\@radix-ui\\react-tabs"},{"name":"@radix-ui/react-toast","version":"1.2.15","dir":"C:\\Users\\willy\\OneDrive\\Desktop\\Backup\\Back\\StandPOS\\node_modules\\@radix-ui\\react-toast"},{"name":"@radix-ui/react-toggle","version":"1.1.10","dir":"C:\\Users\\willy\\OneDrive\\Desktop\\Backup\\Back\\StandPOS\\node_modules\\@radix-ui\\react-toggle"},{"name":"@radix-ui/react-toggle-group","version":"1.1.11","dir":"C:\\Users\\willy\\OneDrive\\Desktop\\Backup\\Back\\StandPOS\\node_modules\\@radix-ui\\react-toggle-group"},{"name":"@radix-ui/react-tooltip","version":"1.2.8","dir":"C:\\Users\\willy\\OneDrive\\Desktop\\Backup\\Back\\StandPOS\\node_modules\\@radix-ui\\react-tooltip","dependencies":[{"name":"@radix-ui/react-slot","version":"1.2.3","dir":"C:\\Users\\willy\\OneDrive\\Desktop\\Backup\\Back\\StandPOS\\node_modules\\@radix-ui\\react-tooltip\\node_modules\\@radix-ui\\react-slot"}]},{"name":"@radix-ui/react-use-callback-ref","version":"1.1.1","dir":"C:\\Users\\willy\\OneDrive\\Desktop\\Backup\\Back\\StandPOS\\node_modules\\@radix-ui\\react-use-callback-ref"},{"name":"@radix-ui/react-use-controllable-state","version":"1.2.2","dir":"C:\\Users\\willy\\OneDrive\\Desktop\\Backup\\Back\\StandPOS\\node_modules\\@radix-ui\\react-use-controllable-state"},{"name":"@radix-ui/react-use-effect-event","version":"0.0.2","dir":"C:\\Users\\willy\\OneDrive\\Desktop\\Backup\\Back\\StandPOS\\node_modules\\@radix-ui\\react-use-effect-event"},{"name":"@radix-ui/react-use-escape-keydown","version":"1.1.1","dir":"C:\\Users\\willy\\OneDrive\\Desktop\\Backup\\Back\\StandPOS\\node_modules\\@radix-ui\\react-use-escape-keydown"},{"name":"@radix-ui/react-use-is-hydrated","version":"0.1.0","dir":"C:\\Users\\willy\\OneDrive\\Desktop\\Backup\\Back\\StandPOS\\node_modules\\@radix-ui\\react-use-is-hydrated"},{"name":"@radix-ui/react-use-layout-effect","version":"1.1.1","dir":"C:\\Users\\willy\\OneDrive\\Desktop\\Backup\\Back\\StandPOS\\node_modules\\@radix-ui\\react-use-layout-effect"},{"name":"@radix-ui/react-use-previous","version":"1.1.1","dir":"C:\\Users\\willy\\OneDrive\\Desktop\\Backup\\Back\\StandPOS\\node_modules\\@radix-ui\\react-use-previous"},{"name":"@radix-ui/react-use-rect","version":"1.1.1","dir":"C:\\Users\\willy\\OneDrive\\Desktop\\Backup\\Back\\StandPOS\\node_modules\\@radix-ui\\react-use-rect"},{"name":"@radix-ui/react-use-size","version":"1.1.1","dir":"C:\\Users\\willy\\OneDrive\\Desktop\\Backup\\Back\\StandPOS\\node_modules\\@radix-ui\\react-use-size"},{"name":"@radix-ui/react-visually-hidden","version":"1.2.3","dir":"C:\\Users\\willy\\OneDrive\\Desktop\\Backup\\Back\\StandPOS\\node_modules\\@radix-ui\\react-visually-hidden"},{"name":"@radix-ui/rect","version":"1.1.1","dir":"C:\\Users\\willy\\OneDrive\\Desktop\\Backup\\Back\\StandPOS\\node_modules\\@radix-ui\\rect"},{"name":"@reduxjs/toolkit","version":"2.11.2","dir":"C:\\Users\\willy\\OneDrive\\Desktop\\Backup\\Back\\StandPOS\\node_modules\\@reduxjs\\toolkit"},{"name":"@remix-run/router","version":"1.23.2","dir":"C:\\Users\\willy\\OneDrive\\Desktop\\Backup\\Back\\StandPOS\\node_modules\\@remix-run\\router"},{"name":"@standard-schema/spec","version":"1.1.0","dir":"C:\\Users\\willy\\OneDrive\\Desktop\\Backup\\Back\\StandPOS\\node_modules\\@standard-schema\\spec"},{"name":"@standard-schema/utils","version":"0.3.0","dir":"C:\\Users\\willy\\OneDrive\\Desktop\\Backup\\Back\\StandPOS\\node_modules\\@standard-schema\\utils"},{"name":"@tanstack/query-core","version":"5.90.20","dir":"C:\\Users\\willy\\OneDrive\\Desktop\\Backup\\Back\\StandPOS\\node_modules\\@tanstack\\query-core"},{"name":"@tanstack/react-query","version":"5.90.20","dir":"C:\\Users\\willy\\OneDrive\\Desktop\\Backup\\Back\\StandPOS\\node_modules\\@tanstack\\react-query"},{"name":"@types/d3-array","version":"3.2.2","dir":"C:\\Users\\willy\\OneDrive\\Desktop\\Backup\\Back\\StandPOS\\node_modules\\@types\\d3-array"},{"name":"@types/d3-color","version":"3.1.3","dir":"C:\\Users\\willy\\OneDrive\\Desktop\\Backup\\Back\\StandPOS\\node_modules\\@types\\d3-color"},{"name":"@types/d3-ease","version":"3.0.2","dir":"C:\\Users\\willy\\OneDrive\\Desktop\\Backup\\Back\\StandPOS\\node_modules\\@types\\d3-ease"},{"name":"@types/d3-interpolate","version":"3.0.4","dir":"C:\\Users\\willy\\OneDrive\\Desktop\\Backup\\Back\\StandPOS\\node_modules\\@types\\d3-interpolate"},{"name":"@types/d3-path","version":"3.1.1","dir":"C:\\Users\\willy\\OneDrive\\Desktop\\Backup\\Back\\StandPOS\\node_modules\\@types\\d3-path"},{"name":"@types/d3-scale","version":"4.0.9","dir":"C:\\Users\\willy\\OneDrive\\Desktop\\Backup\\Back\\StandPOS\\node_modules\\@types\\d3-scale"},{"name":"@types/d3-shape","version":"3.1.8","dir":"C:\\Users\\willy\\OneDrive\\Desktop\\Backup\\Back\\StandPOS\\node_modules\\@types\\d3-shape"},{"name":"@types/d3-time","version":"3.0.4","dir":"C:\\Users\\willy\\OneDrive\\Desktop\\Backup\\Back\\StandPOS\\node_modules\\@types\\d3-time"},{"name":"@types/d3-timer","version":"3.0.2","dir":"C:\\Users\\willy\\OneDrive\\Desktop\\Backup\\Back\\StandPOS\\node_modules\\@types\\d3-timer"},{"name":"@types/pako","version":"2.0.4","dir":"C:\\Users\\willy\\OneDrive\\Desktop\\Backup\\Back\\StandPOS\\node_modules\\@types\\pako"},{"name":"@types/raf","version":"3.4.3","dir":"C:\\Users\\willy\\OneDrive\\Desktop\\Backup\\Back\\StandPOS\\node_modules\\@types\\raf"},{"name":"@types/trusted-types","version":"2.0.7","dir":"C:\\Users\\willy\\OneDrive\\Desktop\\Backup\\Back\\StandPOS\\node_modules\\@types\\trusted-types"},{"name":"@types/use-sync-external-store","version":"0.0.6","dir":"C:\\Users\\willy\\OneDrive\\Desktop\\Backup\\Back\\StandPOS\\node_modules\\@types\\use-sync-external-store"},{"name":"abort-controller","version":"3.0.0","dir":"C:\\Users\\willy\\OneDrive\\Desktop\\Backup\\Back\\StandPOS\\node_modules\\abort-controller"},{"name":"accepts","version":"1.3.8","dir":"C:\\Users\\willy\\OneDrive\\Desktop\\Backup\\Back\\StandPOS\\node_modules\\accepts"},{"name":"adler-32","version":"1.3.1","dir":"C:\\Users\\willy\\OneDrive\\Desktop\\Backup\\Back\\StandPOS\\node_modules\\adler-32"},{"name":"adm-zip","version":"0.5.16","dir":"C:\\Users\\willy\\OneDrive\\Desktop\\Backup\\Back\\StandPOS\\node_modules\\adm-zip"},{"name":"ansi-regex","version":"5.0.1","dir":"C:\\Users\\willy\\OneDrive\\Desktop\\Backup\\Back\\StandPOS\\node_modules\\ansi-regex"},{"name":"ansi-styles","version":"4.3.0","dir":"C:\\Users\\willy\\OneDrive\\Desktop\\Backup\\Back\\StandPOS\\node_modules\\ansi-styles"},{"name":"append-field","version":"1.0.0","dir":"C:\\Users\\willy\\OneDrive\\Desktop\\Backup\\Back\\StandPOS\\node_modules\\append-field"},{"name":"archiver","version":"7.0.1","dir":"C:\\Users\\willy\\OneDrive\\Desktop\\Backup\\Back\\StandPOS\\node_modules\\archiver"},{"name":"archiver-utils","version":"5.0.2","dir":"C:\\Users\\willy\\OneDrive\\Desktop\\Backup\\Back\\StandPOS\\node_modules\\archiver-utils"},{"name":"aria-hidden","version":"1.2.6","dir":"C:\\Users\\willy\\OneDrive\\Desktop\\Backup\\Back\\StandPOS\\node_modules\\aria-hidden"},{"name":"array-flatten","version":"1.1.1","dir":"C:\\Users\\willy\\OneDrive\\Desktop\\Backup\\Back\\StandPOS\\node_modules\\array-flatten"},{"name":"async","version":"3.2.6","dir":"C:\\Users\\willy\\OneDrive\\Desktop\\Backup\\Back\\StandPOS\\node_modules\\async"},{"name":"b4a","version":"1.7.3","dir":"C:\\Users\\willy\\OneDrive\\Desktop\\Backup\\Back\\StandPOS\\node_modules\\text-decoder\\node_modules\\b4a"},{"name":"balanced-match","version":"1.0.2","dir":"C:\\Users\\willy\\OneDrive\\Desktop\\Backup\\Back\\StandPOS\\node_modules\\balanced-match"},{"name":"bare-events","version":"2.8.2","dir":"C:\\Users\\willy\\OneDrive\\Desktop\\Backup\\Back\\StandPOS\\node_modules\\bare-events"},{"name":"base64-arraybuffer","version":"1.0.2","dir":"C:\\Users\\willy\\OneDrive\\Desktop\\Backup\\Back\\StandPOS\\node_modules\\base64-arraybuffer"},{"name":"base64-js","version":"1.5.1","dir":"C:\\Users\\willy\\OneDrive\\Desktop\\Backup\\Back\\StandPOS\\node_modules\\base64-js"},{"name":"bcryptjs","version":"3.0.3","dir":"C:\\Users\\willy\\OneDrive\\Desktop\\Backup\\Back\\StandPOS\\node_modules\\bcryptjs"},{"name":"better-sqlite3","version":"11.10.0","dir":"C:\\Users\\willy\\OneDrive\\Desktop\\Backup\\Back\\StandPOS\\node_modules\\better-sqlite3"},{"name":"bindings","version":"1.5.0","dir":"C:\\Users\\willy\\OneDrive\\Desktop\\Backup\\Back\\StandPOS\\node_modules\\bindings"},{"name":"bl","version":"4.1.0","dir":"C:\\Users\\willy\\OneDrive\\Desktop\\Backup\\Back\\StandPOS\\node_modules\\bl","dependencies":[{"name":"buffer","version":"5.7.1","dir":"C:\\Users\\willy\\OneDrive\\Desktop\\Backup\\Back\\StandPOS\\node_modules\\buffer"},{"name":"readable-stream","version":"3.6.2","dir":"C:\\Users\\willy\\OneDrive\\Desktop\\Backup\\Back\\StandPOS\\node_modules\\readable-stream"}]},{"name":"body-parser","version":"1.20.4","dir":"C:\\Users\\willy\\OneDrive\\Desktop\\Backup\\Back\\StandPOS\\node_modules\\body-parser"},{"name":"brace-expansion","version":"2.0.2","dir":"C:\\Users\\willy\\OneDrive\\Desktop\\Backup\\Back\\StandPOS\\node_modules\\readdir-glob\\node_modules\\brace-expansion"},{"name":"buffer","version":"6.0.3","dir":"C:\\Users\\willy\\OneDrive\\Desktop\\Backup\\Back\\StandPOS\\node_modules\\zip-stream\\node_modules\\buffer"},{"name":"buffer-crc32","version":"1.0.0","dir":"C:\\Users\\willy\\OneDrive\\Desktop\\Backup\\Back\\StandPOS\\node_modules\\archiver\\node_modules\\buffer-crc32"},{"name":"buffer-equal-constant-time","version":"1.0.1","dir":"C:\\Users\\willy\\OneDrive\\Desktop\\Backup\\Back\\StandPOS\\node_modules\\buffer-equal-constant-time"},{"name":"buffer-from","version":"1.1.2","dir":"C:\\Users\\willy\\OneDrive\\Desktop\\Backup\\Back\\StandPOS\\node_modules\\buffer-from"},{"name":"busboy","version":"1.6.0","dir":"C:\\Users\\willy\\OneDrive\\Desktop\\Backup\\Back\\StandPOS\\node_modules\\busboy"},{"name":"bytes","version":"3.1.2","dir":"C:\\Users\\willy\\OneDrive\\Desktop\\Backup\\Back\\StandPOS\\node_modules\\bytes"},{"name":"call-bind-apply-helpers","version":"1.0.2","dir":"C:\\Users\\willy\\OneDrive\\Desktop\\Backup\\Back\\StandPOS\\node_modules\\call-bind-apply-helpers"},{"name":"call-bound","version":"1.0.4","dir":"C:\\Users\\willy\\OneDrive\\Desktop\\Backup\\Back\\StandPOS\\node_modules\\call-bound"},{"name":"canvg","version":"3.0.11","dir":"C:\\Users\\willy\\OneDrive\\Desktop\\Backup\\Back\\StandPOS\\node_modules\\canvg"},{"name":"cfb","version":"1.2.2","dir":"C:\\Users\\willy\\OneDrive\\Desktop\\Backup\\Back\\StandPOS\\node_modules\\cfb"},{"name":"chalk","version":"4.1.2","dir":"C:\\Users\\willy\\OneDrive\\Desktop\\Backup\\Back\\StandPOS\\node_modules\\chalk"},{"name":"chownr","version":"1.1.4","dir":"C:\\Users\\willy\\OneDrive\\Desktop\\Backup\\Back\\StandPOS\\node_modules\\tar-fs\\node_modules\\chownr"},{"name":"class-variance-authority","version":"0.7.1","dir":"C:\\Users\\willy\\OneDrive\\Desktop\\Backup\\Back\\StandPOS\\node_modules\\class-variance-authority"},{"name":"cliui","version":"8.0.1","dir":"C:\\Users\\willy\\OneDrive\\Desktop\\Backup\\Back\\StandPOS\\node_modules\\cliui","dependencies":[{"name":"wrap-ansi","version":"7.0.0","dir":"C:\\Users\\willy\\OneDrive\\Desktop\\Backup\\Back\\StandPOS\\node_modules\\wrap-ansi"}]},{"name":"clsx","version":"2.1.1","dir":"C:\\Users\\willy\\OneDrive\\Desktop\\Backup\\Back\\StandPOS\\node_modules\\clsx"},{"name":"cmdk","version":"1.1.1","dir":"C:\\Users\\willy\\OneDrive\\Desktop\\Backup\\Back\\StandPOS\\node_modules\\cmdk"},{"name":"codepage","version":"1.15.0","dir":"C:\\Users\\willy\\OneDrive\\Desktop\\Backup\\Back\\StandPOS\\node_modules\\codepage"},{"name":"color-convert","version":"2.0.1","dir":"C:\\Users\\willy\\OneDrive\\Desktop\\Backup\\Back\\StandPOS\\node_modules\\color-convert"},{"name":"color-name","version":"1.1.4","dir":"C:\\Users\\willy\\OneDrive\\Desktop\\Backup\\Back\\StandPOS\\node_modules\\color-name"},{"name":"compress-commons","version":"6.0.2","dir":"C:\\Users\\willy\\OneDrive\\Desktop\\Backup\\Back\\StandPOS\\node_modules\\compress-commons"},{"name":"concat-stream","version":"2.0.0","dir":"C:\\Users\\willy\\OneDrive\\Desktop\\Backup\\Back\\StandPOS\\node_modules\\concat-stream","dependencies":[{"name":"readable-stream","version":"3.6.2","dir":"C:\\Users\\willy\\OneDrive\\Desktop\\Backup\\Back\\StandPOS\\node_modules\\readable-stream"}]},{"name":"concurrently","version":"9.2.1","dir":"C:\\Users\\willy\\OneDrive\\Desktop\\Backup\\Back\\StandPOS\\node_modules\\concurrently","dependencies":[{"name":"supports-color","version":"8.1.1","dir":"C:\\Users\\willy\\OneDrive\\Desktop\\Backup\\Back\\StandPOS\\node_modules\\supports-color"}]},{"name":"content-disposition","version":"0.5.4","dir":"C:\\Users\\willy\\OneDrive\\Desktop\\Backup\\Back\\StandPOS\\node_modules\\content-disposition"},{"name":"content-type","version":"1.0.5","dir":"C:\\Users\\willy\\OneDrive\\Desktop\\Backup\\Back\\StandPOS\\node_modules\\content-type"},{"name":"cookie","version":"0.7.2","dir":"C:\\Users\\willy\\OneDrive\\Desktop\\Backup\\Back\\StandPOS\\node_modules\\cookie"},{"name":"cookie-signature","version":"1.0.7","dir":"C:\\Users\\willy\\OneDrive\\Desktop\\Backup\\Back\\StandPOS\\node_modules\\cookie-signature"},{"name":"core-js","version":"3.48.0","dir":"C:\\Users\\willy\\OneDrive\\Desktop\\Backup\\Back\\StandPOS\\node_modules\\core-js"},{"name":"core-util-is","version":"1.0.2","dir":"C:\\Users\\willy\\OneDrive\\Desktop\\Backup\\Back\\StandPOS\\node_modules\\core-util-is"},{"name":"cors","version":"2.8.6","dir":"C:\\Users\\willy\\OneDrive\\Desktop\\Backup\\Back\\StandPOS\\node_modules\\cors"},{"name":"crc-32","version":"1.2.2","dir":"C:\\Users\\willy\\OneDrive\\Desktop\\Backup\\Back\\StandPOS\\node_modules\\crc-32"},{"name":"crc32-stream","version":"6.0.0","dir":"C:\\Users\\willy\\OneDrive\\Desktop\\Backup\\Back\\StandPOS\\node_modules\\crc32-stream"},{"name":"cross-spawn","version":"7.0.6","dir":"C:\\Users\\willy\\OneDrive\\Desktop\\Backup\\Back\\StandPOS\\node_modules\\cross-spawn"},{"name":"css-line-break","version":"2.1.0","dir":"C:\\Users\\willy\\OneDrive\\Desktop\\Backup\\Back\\StandPOS\\node_modules\\css-line-break"},{"name":"d3-array","version":"3.2.4","dir":"C:\\Users\\willy\\OneDrive\\Desktop\\Backup\\Back\\StandPOS\\node_modules\\d3-array"},{"name":"d3-color","version":"3.1.0","dir":"C:\\Users\\willy\\OneDrive\\Desktop\\Backup\\Back\\StandPOS\\node_modules\\d3-color"},{"name":"d3-ease","version":"3.0.1","dir":"C:\\Users\\willy\\OneDrive\\Desktop\\Backup\\Back\\StandPOS\\node_modules\\d3-ease"},{"name":"d3-format","version":"3.1.2","dir":"C:\\Users\\willy\\OneDrive\\Desktop\\Backup\\Back\\StandPOS\\node_modules\\d3-format"},{"name":"d3-interpolate","version":"3.0.1","dir":"C:\\Users\\willy\\OneDrive\\Desktop\\Backup\\Back\\StandPOS\\node_modules\\d3-interpolate"},{"name":"d3-path","version":"3.1.0","dir":"C:\\Users\\willy\\OneDrive\\Desktop\\Backup\\Back\\StandPOS\\node_modules\\d3-path"},{"name":"d3-scale","version":"4.0.2","dir":"C:\\Users\\willy\\OneDrive\\Desktop\\Backup\\Back\\StandPOS\\node_modules\\d3-scale"},{"name":"d3-shape","version":"3.2.0","dir":"C:\\Users\\willy\\OneDrive\\Desktop\\Backup\\Back\\StandPOS\\node_modules\\d3-shape"},{"name":"d3-time","version":"3.1.0","dir":"C:\\Users\\willy\\OneDrive\\Desktop\\Backup\\Back\\StandPOS\\node_modules\\d3-time"},{"name":"d3-time-format","version":"4.1.0","dir":"C:\\Users\\willy\\OneDrive\\Desktop\\Backup\\Back\\StandPOS\\node_modules\\d3-time-format"},{"name":"d3-timer","version":"3.0.1","dir":"C:\\Users\\willy\\OneDrive\\Desktop\\Backup\\Back\\StandPOS\\node_modules\\d3-timer"},{"name":"date-fns","version":"4.1.0","dir":"C:\\Users\\willy\\OneDrive\\Desktop\\Backup\\Back\\StandPOS\\node_modules\\date-fns"},{"name":"date-fns-jalali","version":"4.1.0-0","dir":"C:\\Users\\willy\\OneDrive\\Desktop\\Backup\\Back\\StandPOS\\node_modules\\date-fns-jalali"},{"name":"debug","version":"2.6.9","dir":"C:\\Users\\willy\\OneDrive\\Desktop\\Backup\\Back\\StandPOS\\node_modules\\send\\node_modules\\debug","dependencies":[{"name":"ms","version":"2.0.0","dir":"C:\\Users\\willy\\OneDrive\\Desktop\\Backup\\Back\\StandPOS\\node_modules\\send\\node_modules\\debug\\node_modules\\ms"}]},{"name":"decimal.js-light","version":"2.5.1","dir":"C:\\Users\\willy\\OneDrive\\Desktop\\Backup\\Back\\StandPOS\\node_modules\\decimal.js-light"},{"name":"decompress-response","version":"6.0.0","dir":"C:\\Users\\willy\\OneDrive\\Desktop\\Backup\\Back\\StandPOS\\node_modules\\decompress-response"},{"name":"deep-extend","version":"0.6.0","dir":"C:\\Users\\willy\\OneDrive\\Desktop\\Backup\\Back\\StandPOS\\node_modules\\deep-extend"},{"name":"depd","version":"2.0.0","dir":"C:\\Users\\willy\\OneDrive\\Desktop\\Backup\\Back\\StandPOS\\node_modules\\depd"},{"name":"destroy","version":"1.2.0","dir":"C:\\Users\\willy\\OneDrive\\Desktop\\Backup\\Back\\StandPOS\\node_modules\\destroy"},{"name":"detect-libc","version":"2.1.2","dir":"C:\\Users\\willy\\OneDrive\\Desktop\\Backup\\Back\\StandPOS\\node_modules\\detect-libc"},{"name":"detect-node-es","version":"1.1.0","dir":"C:\\Users\\willy\\OneDrive\\Desktop\\Backup\\Back\\StandPOS\\node_modules\\detect-node-es"},{"name":"dompurify","version":"3.3.1","dir":"C:\\Users\\willy\\OneDrive\\Desktop\\Backup\\Back\\StandPOS\\node_modules\\dompurify"},{"name":"dunder-proto","version":"1.0.1","dir":"C:\\Users\\willy\\OneDrive\\Desktop\\Backup\\Back\\StandPOS\\node_modules\\dunder-proto"},{"name":"eastasianwidth","version":"0.2.0","dir":"C:\\Users\\willy\\OneDrive\\Desktop\\Backup\\Back\\StandPOS\\node_modules\\eastasianwidth"},{"name":"ecdsa-sig-formatter","version":"1.0.11","dir":"C:\\Users\\willy\\OneDrive\\Desktop\\Backup\\Back\\StandPOS\\node_modules\\ecdsa-sig-formatter"},{"name":"ee-first","version":"1.1.1","dir":"C:\\Users\\willy\\OneDrive\\Desktop\\Backup\\Back\\StandPOS\\node_modules\\ee-first"},{"name":"emoji-regex","version":"8.0.0","dir":"C:\\Users\\willy\\OneDrive\\Desktop\\Backup\\Back\\StandPOS\\node_modules\\emoji-regex"},{"name":"encodeurl","version":"2.0.0","dir":"C:\\Users\\willy\\OneDrive\\Desktop\\Backup\\Back\\StandPOS\\node_modules\\encodeurl"},{"name":"end-of-stream","version":"1.4.5","dir":"C:\\Users\\willy\\OneDrive\\Desktop\\Backup\\Back\\StandPOS\\node_modules\\end-of-stream"},{"name":"es-define-property","version":"1.0.1","dir":"C:\\Users\\willy\\OneDrive\\Desktop\\Backup\\Back\\StandPOS\\node_modules\\es-define-property"},{"name":"es-errors","version":"1.3.0","dir":"C:\\Users\\willy\\OneDrive\\Desktop\\Backup\\Back\\StandPOS\\node_modules\\es-errors"},{"name":"es-object-atoms","version":"1.1.1","dir":"C:\\Users\\willy\\OneDrive\\Desktop\\Backup\\Back\\StandPOS\\node_modules\\es-object-atoms"},{"name":"es-toolkit","version":"1.44.0","dir":"C:\\Users\\willy\\OneDrive\\Desktop\\Backup\\Back\\StandPOS\\node_modules\\es-toolkit"},{"name":"escalade","version":"3.2.0","dir":"C:\\Users\\willy\\OneDrive\\Desktop\\Backup\\Back\\StandPOS\\node_modules\\escalade"},{"name":"escape-html","version":"1.0.3","dir":"C:\\Users\\willy\\OneDrive\\Desktop\\Backup\\Back\\StandPOS\\node_modules\\escape-html"},{"name":"etag","version":"1.8.1","dir":"C:\\Users\\willy\\OneDrive\\Desktop\\Backup\\Back\\StandPOS\\node_modules\\etag"},{"name":"event-target-shim","version":"5.0.1","dir":"C:\\Users\\willy\\OneDrive\\Desktop\\Backup\\Back\\StandPOS\\node_modules\\event-target-shim"},{"name":"eventemitter3","version":"5.0.4","dir":"C:\\Users\\willy\\OneDrive\\Desktop\\Backup\\Back\\StandPOS\\node_modules\\eventemitter3"},{"name":"events","version":"3.3.0","dir":"C:\\Users\\willy\\OneDrive\\Desktop\\Backup\\Back\\StandPOS\\node_modules\\events"},{"name":"events-universal","version":"1.0.1","dir":"C:\\Users\\willy\\OneDrive\\Desktop\\Backup\\Back\\StandPOS\\node_modules\\events-universal"},{"name":"expand-template","version":"2.0.3","dir":"C:\\Users\\willy\\OneDrive\\Desktop\\Backup\\Back\\StandPOS\\node_modules\\expand-template"},{"name":"express","version":"4.22.1","dir":"C:\\Users\\willy\\OneDrive\\Desktop\\Backup\\Back\\StandPOS\\node_modules\\express"},{"name":"fast-fifo","version":"1.3.2","dir":"C:\\Users\\willy\\OneDrive\\Desktop\\Backup\\Back\\StandPOS\\node_modules\\fast-fifo"},{"name":"fast-png","version":"6.4.0","dir":"C:\\Users\\willy\\OneDrive\\Desktop\\Backup\\Back\\StandPOS\\node_modules\\fast-png"},{"name":"fflate","version":"0.8.2","dir":"C:\\Users\\willy\\OneDrive\\Desktop\\Backup\\Back\\StandPOS\\node_modules\\fflate"},{"name":"file-uri-to-path","version":"1.0.0","dir":"C:\\Users\\willy\\OneDrive\\Desktop\\Backup\\Back\\StandPOS\\node_modules\\file-uri-to-path"},{"name":"finalhandler","version":"1.3.2","dir":"C:\\Users\\willy\\OneDrive\\Desktop\\Backup\\Back\\StandPOS\\node_modules\\finalhandler"},{"name":"foreground-child","version":"3.3.1","dir":"C:\\Users\\willy\\OneDrive\\Desktop\\Backup\\Back\\StandPOS\\node_modules\\foreground-child"},{"name":"forwarded","version":"0.2.0","dir":"C:\\Users\\willy\\OneDrive\\Desktop\\Backup\\Back\\StandPOS\\node_modules\\forwarded"},{"name":"frac","version":"1.1.2","dir":"C:\\Users\\willy\\OneDrive\\Desktop\\Backup\\Back\\StandPOS\\node_modules\\frac"},{"name":"framer-motion","version":"10.18.0","dir":"C:\\Users\\willy\\OneDrive\\Desktop\\Backup\\Back\\StandPOS\\node_modules\\framer-motion"},{"name":"fresh","version":"0.5.2","dir":"C:\\Users\\willy\\OneDrive\\Desktop\\Backup\\Back\\StandPOS\\node_modules\\fresh"},{"name":"fs-constants","version":"1.0.0","dir":"C:\\Users\\willy\\OneDrive\\Desktop\\Backup\\Back\\StandPOS\\node_modules\\fs-constants"},{"name":"fs-extra","version":"11.3.3","dir":"C:\\Users\\willy\\OneDrive\\Desktop\\Backup\\Back\\StandPOS\\node_modules\\fs-extra"},{"name":"function-bind","version":"1.1.2","dir":"C:\\Users\\willy\\OneDrive\\Desktop\\Backup\\Back\\StandPOS\\node_modules\\function-bind"},{"name":"get-caller-file","version":"2.0.5","dir":"C:\\Users\\willy\\OneDrive\\Desktop\\Backup\\Back\\StandPOS\\node_modules\\get-caller-file"},{"name":"get-intrinsic","version":"1.3.0","dir":"C:\\Users\\willy\\OneDrive\\Desktop\\Backup\\Back\\StandPOS\\node_modules\\get-intrinsic"},{"name":"get-nonce","version":"1.0.1","dir":"C:\\Users\\willy\\OneDrive\\Desktop\\Backup\\Back\\StandPOS\\node_modules\\get-nonce"},{"name":"get-proto","version":"1.0.1","dir":"C:\\Users\\willy\\OneDrive\\Desktop\\Backup\\Back\\StandPOS\\node_modules\\get-proto"},{"name":"github-from-package","version":"0.0.0","dir":"C:\\Users\\willy\\OneDrive\\Desktop\\Backup\\Back\\StandPOS\\node_modules\\github-from-package"},{"name":"glob","version":"10.5.0","dir":"C:\\Users\\willy\\OneDrive\\Desktop\\Backup\\Back\\StandPOS\\node_modules\\archiver-utils\\node_modules\\glob"},{"name":"gopd","version":"1.2.0","dir":"C:\\Users\\willy\\OneDrive\\Desktop\\Backup\\Back\\StandPOS\\node_modules\\gopd"},{"name":"graceful-fs","version":"4.2.11","dir":"C:\\Users\\willy\\OneDrive\\Desktop\\Backup\\Back\\StandPOS\\node_modules\\graceful-fs"},{"name":"has-flag","version":"4.0.0","dir":"C:\\Users\\willy\\OneDrive\\Desktop\\Backup\\Back\\StandPOS\\node_modules\\has-flag"},{"name":"has-symbols","version":"1.1.0","dir":"C:\\Users\\willy\\OneDrive\\Desktop\\Backup\\Back\\StandPOS\\node_modules\\has-symbols"},{"name":"hasown","version":"2.0.2","dir":"C:\\Users\\willy\\OneDrive\\Desktop\\Backup\\Back\\StandPOS\\node_modules\\hasown"},{"name":"html2canvas","version":"1.4.1","dir":"C:\\Users\\willy\\OneDrive\\Desktop\\Backup\\Back\\StandPOS\\node_modules\\html2canvas"},{"name":"http-errors","version":"2.0.1","dir":"C:\\Users\\willy\\OneDrive\\Desktop\\Backup\\Back\\StandPOS\\node_modules\\http-errors"},{"name":"iconv-lite","version":"0.4.24","dir":"C:\\Users\\willy\\OneDrive\\Desktop\\Backup\\Back\\StandPOS\\node_modules\\raw-body\\node_modules\\iconv-lite"},{"name":"ieee754","version":"1.2.1","dir":"C:\\Users\\willy\\OneDrive\\Desktop\\Backup\\Back\\StandPOS\\node_modules\\ieee754"},{"name":"immer","version":"11.1.3","dir":"C:\\Users\\willy\\OneDrive\\Desktop\\Backup\\Back\\StandPOS\\node_modules\\@reduxjs\\toolkit\\node_modules\\immer"},{"name":"inherits","version":"2.0.4","dir":"C:\\Users\\willy\\OneDrive\\Desktop\\Backup\\Back\\StandPOS\\node_modules\\inherits"},{"name":"ini","version":"1.3.8","dir":"C:\\Users\\willy\\OneDrive\\Desktop\\Backup\\Back\\StandPOS\\node_modules\\ini"},{"name":"internmap","version":"2.0.3","dir":"C:\\Users\\willy\\OneDrive\\Desktop\\Backup\\Back\\StandPOS\\node_modules\\internmap"},{"name":"iobuffer","version":"5.4.0","dir":"C:\\Users\\willy\\OneDrive\\Desktop\\Backup\\Back\\StandPOS\\node_modules\\iobuffer"},{"name":"ipaddr.js","version":"1.9.1","dir":"C:\\Users\\willy\\OneDrive\\Desktop\\Backup\\Back\\StandPOS\\node_modules\\ipaddr.js"},{"name":"is-fullwidth-code-point","version":"3.0.0","dir":"C:\\Users\\willy\\OneDrive\\Desktop\\Backup\\Back\\StandPOS\\node_modules\\is-fullwidth-code-point"},{"name":"is-stream","version":"2.0.1","dir":"C:\\Users\\willy\\OneDrive\\Desktop\\Backup\\Back\\StandPOS\\node_modules\\is-stream"},{"name":"isarray","version":"1.0.0","dir":"C:\\Users\\willy\\OneDrive\\Desktop\\Backup\\Back\\StandPOS\\node_modules\\lazystream\\node_modules\\isarray"},{"name":"isexe","version":"2.0.0","dir":"C:\\Users\\willy\\OneDrive\\Desktop\\Backup\\Back\\StandPOS\\node_modules\\isexe"},{"name":"jackspeak","version":"3.4.3","dir":"C:\\Users\\willy\\OneDrive\\Desktop\\Backup\\Back\\StandPOS\\node_modules\\jackspeak"},{"name":"js-tokens","version":"4.0.0","dir":"C:\\Users\\willy\\OneDrive\\Desktop\\Backup\\Back\\StandPOS\\node_modules\\js-tokens"},{"name":"jsonfile","version":"6.2.0","dir":"C:\\Users\\willy\\OneDrive\\Desktop\\Backup\\Back\\StandPOS\\node_modules\\jsonfile"},{"name":"jsonwebtoken","version":"9.0.3","dir":"C:\\Users\\willy\\OneDrive\\Desktop\\Backup\\Back\\StandPOS\\node_modules\\jsonwebtoken","dependencies":[{"name":"semver","version":"7.7.4","dir":"C:\\Users\\willy\\OneDrive\\Desktop\\Backup\\Back\\StandPOS\\node_modules\\jsonwebtoken\\node_modules\\semver"}]},{"name":"jspdf","version":"4.0.0","dir":"C:\\Users\\willy\\OneDrive\\Desktop\\Backup\\Back\\StandPOS\\node_modules\\jspdf"},{"name":"jspdf-autotable","version":"5.0.7","dir":"C:\\Users\\willy\\OneDrive\\Desktop\\Backup\\Back\\StandPOS\\node_modules\\jspdf-autotable"},{"name":"jwa","version":"2.0.1","dir":"C:\\Users\\willy\\OneDrive\\Desktop\\Backup\\Back\\StandPOS\\node_modules\\jwa"},{"name":"jws","version":"4.0.1","dir":"C:\\Users\\willy\\OneDrive\\Desktop\\Backup\\Back\\StandPOS\\node_modules\\jws"},{"name":"lazystream","version":"1.0.1","dir":"C:\\Users\\willy\\OneDrive\\Desktop\\Backup\\Back\\StandPOS\\node_modules\\lazystream","dependencies":[{"name":"readable-stream","version":"2.3.8","dir":"C:\\Users\\willy\\OneDrive\\Desktop\\Backup\\Back\\StandPOS\\node_modules\\lazystream\\node_modules\\readable-stream"},{"name":"safe-buffer","version":"5.1.2","dir":"C:\\Users\\willy\\OneDrive\\Desktop\\Backup\\Back\\StandPOS\\node_modules\\lazystream\\node_modules\\safe-buffer"},{"name":"string_decoder","version":"1.1.1","dir":"C:\\Users\\willy\\OneDrive\\Desktop\\Backup\\Back\\StandPOS\\node_modules\\lazystream\\node_modules\\string_decoder"}]},{"name":"lodash","version":"4.17.23","dir":"C:\\Users\\willy\\OneDrive\\Desktop\\Backup\\Back\\StandPOS\\node_modules\\lodash"},{"name":"lodash.includes","version":"4.3.0","dir":"C:\\Users\\willy\\OneDrive\\Desktop\\Backup\\Back\\StandPOS\\node_modules\\lodash.includes"},{"name":"lodash.isboolean","version":"3.0.3","dir":"C:\\Users\\willy\\OneDrive\\Desktop\\Backup\\Back\\StandPOS\\node_modules\\lodash.isboolean"},{"name":"lodash.isinteger","version":"4.0.4","dir":"C:\\Users\\willy\\OneDrive\\Desktop\\Backup\\Back\\StandPOS\\node_modules\\lodash.isinteger"},{"name":"lodash.isnumber","version":"3.0.3","dir":"C:\\Users\\willy\\OneDrive\\Desktop\\Backup\\Back\\StandPOS\\node_modules\\lodash.isnumber"},{"name":"lodash.isplainobject","version":"4.0.6","dir":"C:\\Users\\willy\\OneDrive\\Desktop\\Backup\\Back\\StandPOS\\node_modules\\lodash.isplainobject"},{"name":"lodash.isstring","version":"4.0.1","dir":"C:\\Users\\willy\\OneDrive\\Desktop\\Backup\\Back\\StandPOS\\node_modules\\lodash.isstring"},{"name":"lodash.once","version":"4.1.1","dir":"C:\\Users\\willy\\OneDrive\\Desktop\\Backup\\Back\\StandPOS\\node_modules\\lodash.once"},{"name":"loose-envify","version":"1.4.0","dir":"C:\\Users\\willy\\OneDrive\\Desktop\\Backup\\Back\\StandPOS\\node_modules\\loose-envify"},{"name":"lru-cache","version":"10.4.3","dir":"C:\\Users\\willy\\OneDrive\\Desktop\\Backup\\Back\\StandPOS\\node_modules\\path-scurry\\node_modules\\lru-cache"},{"name":"lucide-react","version":"0.263.1","dir":"C:\\Users\\willy\\OneDrive\\Desktop\\Backup\\Back\\StandPOS\\node_modules\\lucide-react"},{"name":"math-intrinsics","version":"1.1.0","dir":"C:\\Users\\willy\\OneDrive\\Desktop\\Backup\\Back\\StandPOS\\node_modules\\math-intrinsics"},{"name":"media-typer","version":"0.3.0","dir":"C:\\Users\\willy\\OneDrive\\Desktop\\Backup\\Back\\StandPOS\\node_modules\\media-typer"},{"name":"merge-descriptors","version":"1.0.3","dir":"C:\\Users\\willy\\OneDrive\\Desktop\\Backup\\Back\\StandPOS\\node_modules\\merge-descriptors"},{"name":"methods","version":"1.1.2","dir":"C:\\Users\\willy\\OneDrive\\Desktop\\Backup\\Back\\StandPOS\\node_modules\\methods"},{"name":"mime","version":"1.6.0","dir":"C:\\Users\\willy\\OneDrive\\Desktop\\Backup\\Back\\StandPOS\\node_modules\\send\\node_modules\\mime"},{"name":"mime-db","version":"1.52.0","dir":"C:\\Users\\willy\\OneDrive\\Desktop\\Backup\\Back\\StandPOS\\node_modules\\mime-db"},{"name":"mime-types","version":"2.1.35","dir":"C:\\Users\\willy\\OneDrive\\Desktop\\Backup\\Back\\StandPOS\\node_modules\\mime-types"},{"name":"mimic-response","version":"3.1.0","dir":"C:\\Users\\willy\\OneDrive\\Desktop\\Backup\\Back\\StandPOS\\node_modules\\decompress-response\\node_modules\\mimic-response"},{"name":"minimatch","version":"9.0.5","dir":"C:\\Users\\willy\\OneDrive\\Desktop\\Backup\\Back\\StandPOS\\node_modules\\archiver-utils\\node_modules\\minimatch"},{"name":"minimist","version":"1.2.8","dir":"C:\\Users\\willy\\OneDrive\\Desktop\\Backup\\Back\\StandPOS\\node_modules\\minimist"},{"name":"minipass","version":"7.1.2","dir":"C:\\Users\\willy\\OneDrive\\Desktop\\Backup\\Back\\StandPOS\\node_modules\\archiver-utils\\node_modules\\minipass"},{"name":"mkdirp","version":"0.5.6","dir":"C:\\Users\\willy\\OneDrive\\Desktop\\Backup\\Back\\StandPOS\\node_modules\\mkdirp"},{"name":"mkdirp-classic","version":"0.5.3","dir":"C:\\Users\\willy\\OneDrive\\Desktop\\Backup\\Back\\StandPOS\\node_modules\\mkdirp-classic"},{"name":"ms","version":"2.1.3","dir":"C:\\Users\\willy\\OneDrive\\Desktop\\Backup\\Back\\StandPOS\\node_modules\\ms"},{"name":"multer","version":"2.0.2","dir":"C:\\Users\\willy\\OneDrive\\Desktop\\Backup\\Back\\StandPOS\\node_modules\\multer"},{"name":"napi-build-utils","version":"2.0.0","dir":"C:\\Users\\willy\\OneDrive\\Desktop\\Backup\\Back\\StandPOS\\node_modules\\napi-build-utils"},{"name":"negotiator","version":"0.6.3","dir":"C:\\Users\\willy\\OneDrive\\Desktop\\Backup\\Back\\StandPOS\\node_modules\\negotiator"},{"name":"node-abi","version":"3.87.0","dir":"C:\\Users\\willy\\OneDrive\\Desktop\\Backup\\Back\\StandPOS\\node_modules\\node-abi"},{"name":"node-machine-id","version":"1.1.12","dir":"C:\\Users\\willy\\OneDrive\\Desktop\\Backup\\Back\\StandPOS\\node_modules\\node-machine-id"},{"name":"normalize-path","version":"3.0.0","dir":"C:\\Users\\willy\\OneDrive\\Desktop\\Backup\\Back\\StandPOS\\node_modules\\normalize-path"},{"name":"object-assign","version":"4.1.1","dir":"C:\\Users\\willy\\OneDrive\\Desktop\\Backup\\Back\\StandPOS\\node_modules\\object-assign"},{"name":"object-inspect","version":"1.13.4","dir":"C:\\Users\\willy\\OneDrive\\Desktop\\Backup\\Back\\StandPOS\\node_modules\\object-inspect"},{"name":"on-finished","version":"2.4.1","dir":"C:\\Users\\willy\\OneDrive\\Desktop\\Backup\\Back\\StandPOS\\node_modules\\on-finished"},{"name":"once","version":"1.4.0","dir":"C:\\Users\\willy\\OneDrive\\Desktop\\Backup\\Back\\StandPOS\\node_modules\\once"},{"name":"package-json-from-dist","version":"1.0.1","dir":"C:\\Users\\willy\\OneDrive\\Desktop\\Backup\\Back\\StandPOS\\node_modules\\package-json-from-dist"},{"name":"pako","version":"2.1.0","dir":"C:\\Users\\willy\\OneDrive\\Desktop\\Backup\\Back\\StandPOS\\node_modules\\pako"},{"name":"parseurl","version":"1.3.3","dir":"C:\\Users\\willy\\OneDrive\\Desktop\\Backup\\Back\\StandPOS\\node_modules\\parseurl"},{"name":"path-key","version":"3.1.1","dir":"C:\\Users\\willy\\OneDrive\\Desktop\\Backup\\Back\\StandPOS\\node_modules\\path-key"},{"name":"path-scurry","version":"1.11.1","dir":"C:\\Users\\willy\\OneDrive\\Desktop\\Backup\\Back\\StandPOS\\node_modules\\path-scurry","dependencies":[{"name":"minipass","version":"5.0.0","dir":"C:\\Users\\willy\\OneDrive\\Desktop\\Backup\\Back\\StandPOS\\node_modules\\minipass"}]},{"name":"path-to-regexp","version":"0.1.12","dir":"C:\\Users\\willy\\OneDrive\\Desktop\\Backup\\Back\\StandPOS\\node_modules\\path-to-regexp"},{"name":"performance-now","version":"2.1.0","dir":"C:\\Users\\willy\\OneDrive\\Desktop\\Backup\\Back\\StandPOS\\node_modules\\performance-now"},{"name":"prebuild-install","version":"7.1.3","dir":"C:\\Users\\willy\\OneDrive\\Desktop\\Backup\\Back\\StandPOS\\node_modules\\prebuild-install"},{"name":"process","version":"0.11.10","dir":"C:\\Users\\willy\\OneDrive\\Desktop\\Backup\\Back\\StandPOS\\node_modules\\process"},{"name":"process-nextick-args","version":"2.0.1","dir":"C:\\Users\\willy\\OneDrive\\Desktop\\Backup\\Back\\StandPOS\\node_modules\\process-nextick-args"},{"name":"proxy-addr","version":"2.0.7","dir":"C:\\Users\\willy\\OneDrive\\Desktop\\Backup\\Back\\StandPOS\\node_modules\\proxy-addr"},{"name":"pump","version":"3.0.3","dir":"C:\\Users\\willy\\OneDrive\\Desktop\\Backup\\Back\\StandPOS\\node_modules\\pump"},{"name":"qs","version":"6.14.1","dir":"C:\\Users\\willy\\OneDrive\\Desktop\\Backup\\Back\\StandPOS\\node_modules\\qs"},{"name":"raf","version":"3.4.1","dir":"C:\\Users\\willy\\OneDrive\\Desktop\\Backup\\Back\\StandPOS\\node_modules\\raf"},{"name":"range-parser","version":"1.2.1","dir":"C:\\Users\\willy\\OneDrive\\Desktop\\Backup\\Back\\StandPOS\\node_modules\\range-parser"},{"name":"raw-body","version":"2.5.3","dir":"C:\\Users\\willy\\OneDrive\\Desktop\\Backup\\Back\\StandPOS\\node_modules\\raw-body"},{"name":"rc","version":"1.2.8","dir":"C:\\Users\\willy\\OneDrive\\Desktop\\Backup\\Back\\StandPOS\\node_modules\\rc"},{"name":"react","version":"18.3.1","dir":"C:\\Users\\willy\\OneDrive\\Desktop\\Backup\\Back\\StandPOS\\node_modules\\react"},{"name":"react-day-picker","version":"9.13.0","dir":"C:\\Users\\willy\\OneDrive\\Desktop\\Backup\\Back\\StandPOS\\node_modules\\react-day-picker"},{"name":"react-dom","version":"18.3.1","dir":"C:\\Users\\willy\\OneDrive\\Desktop\\Backup\\Back\\StandPOS\\node_modules\\react-dom"},{"name":"react-redux","version":"9.2.0","dir":"C:\\Users\\willy\\OneDrive\\Desktop\\Backup\\Back\\StandPOS\\node_modules\\react-redux"},{"name":"react-remove-scroll","version":"2.7.2","dir":"C:\\Users\\willy\\OneDrive\\Desktop\\Backup\\Back\\StandPOS\\node_modules\\react-remove-scroll"},{"name":"react-remove-scroll-bar","version":"2.3.8","dir":"C:\\Users\\willy\\OneDrive\\Desktop\\Backup\\Back\\StandPOS\\node_modules\\react-remove-scroll-bar"},{"name":"react-router","version":"6.30.3","dir":"C:\\Users\\willy\\OneDrive\\Desktop\\Backup\\Back\\StandPOS\\node_modules\\react-router"},{"name":"react-router-dom","version":"6.30.3","dir":"C:\\Users\\willy\\OneDrive\\Desktop\\Backup\\Back\\StandPOS\\node_modules\\react-router-dom"},{"name":"react-style-singleton","version":"2.2.3","dir":"C:\\Users\\willy\\OneDrive\\Desktop\\Backup\\Back\\StandPOS\\node_modules\\react-style-singleton"},{"name":"readable-stream","version":"4.7.0","dir":"C:\\Users\\willy\\OneDrive\\Desktop\\Backup\\Back\\StandPOS\\node_modules\\zip-stream\\node_modules\\readable-stream"},{"name":"readdir-glob","version":"1.1.3","dir":"C:\\Users\\willy\\OneDrive\\Desktop\\Backup\\Back\\StandPOS\\node_modules\\readdir-glob","dependencies":[{"name":"minimatch","version":"5.1.6","dir":"C:\\Users\\willy\\OneDrive\\Desktop\\Backup\\Back\\StandPOS\\node_modules\\readdir-glob\\node_modules\\minimatch"}]},{"name":"recharts","version":"3.7.0","dir":"C:\\Users\\willy\\OneDrive\\Desktop\\Backup\\Back\\StandPOS\\node_modules\\recharts","dependencies":[{"name":"immer","version":"10.2.0","dir":"C:\\Users\\willy\\OneDrive\\Desktop\\Backup\\Back\\StandPOS\\node_modules\\immer"}]},{"name":"redux","version":"5.0.1","dir":"C:\\Users\\willy\\OneDrive\\Desktop\\Backup\\Back\\StandPOS\\node_modules\\redux"},{"name":"redux-thunk","version":"3.1.0","dir":"C:\\Users\\willy\\OneDrive\\Desktop\\Backup\\Back\\StandPOS\\node_modules\\redux-thunk"},{"name":"regenerator-runtime","version":"0.13.11","dir":"C:\\Users\\willy\\OneDrive\\Desktop\\Backup\\Back\\StandPOS\\node_modules\\regenerator-runtime"},{"name":"require-directory","version":"2.1.1","dir":"C:\\Users\\willy\\OneDrive\\Desktop\\Backup\\Back\\StandPOS\\node_modules\\require-directory"},{"name":"reselect","version":"5.1.1","dir":"C:\\Users\\willy\\OneDrive\\Desktop\\Backup\\Back\\StandPOS\\node_modules\\reselect"},{"name":"rgbcolor","version":"1.0.1","dir":"C:\\Users\\willy\\OneDrive\\Desktop\\Backup\\Back\\StandPOS\\node_modules\\rgbcolor"},{"name":"rxjs","version":"7.8.2","dir":"C:\\Users\\willy\\OneDrive\\Desktop\\Backup\\Back\\StandPOS\\node_modules\\rxjs"},{"name":"safe-buffer","version":"5.2.1","dir":"C:\\Users\\willy\\OneDrive\\Desktop\\Backup\\Back\\StandPOS\\node_modules\\safe-buffer"},{"name":"safer-buffer","version":"2.1.2","dir":"C:\\Users\\willy\\OneDrive\\Desktop\\Backup\\Back\\StandPOS\\node_modules\\safer-buffer"},{"name":"scheduler","version":"0.23.2","dir":"C:\\Users\\willy\\OneDrive\\Desktop\\Backup\\Back\\StandPOS\\node_modules\\scheduler"},{"name":"semver","version":"7.7.3","dir":"C:\\Users\\willy\\OneDrive\\Desktop\\Backup\\Back\\StandPOS\\node_modules\\node-abi\\node_modules\\semver"},{"name":"send","version":"0.19.2","dir":"C:\\Users\\willy\\OneDrive\\Desktop\\Backup\\Back\\StandPOS\\node_modules\\send"},{"name":"serve-static","version":"1.16.3","dir":"C:\\Users\\willy\\OneDrive\\Desktop\\Backup\\Back\\StandPOS\\node_modules\\serve-static"},{"name":"setprototypeof","version":"1.2.0","dir":"C:\\Users\\willy\\OneDrive\\Desktop\\Backup\\Back\\StandPOS\\node_modules\\setprototypeof"},{"name":"shebang-command","version":"2.0.0","dir":"C:\\Users\\willy\\OneDrive\\Desktop\\Backup\\Back\\StandPOS\\node_modules\\shebang-command"},{"name":"shebang-regex","version":"3.0.0","dir":"C:\\Users\\willy\\OneDrive\\Desktop\\Backup\\Back\\StandPOS\\node_modules\\shebang-regex"},{"name":"shell-quote","version":"1.8.3","dir":"C:\\Users\\willy\\OneDrive\\Desktop\\Backup\\Back\\StandPOS\\node_modules\\shell-quote"},{"name":"side-channel","version":"1.1.0","dir":"C:\\Users\\willy\\OneDrive\\Desktop\\Backup\\Back\\StandPOS\\node_modules\\side-channel"},{"name":"side-channel-list","version":"1.0.0","dir":"C:\\Users\\willy\\OneDrive\\Desktop\\Backup\\Back\\StandPOS\\node_modules\\side-channel-list"},{"name":"side-channel-map","version":"1.0.1","dir":"C:\\Users\\willy\\OneDrive\\Desktop\\Backup\\Back\\StandPOS\\node_modules\\side-channel-map"},{"name":"side-channel-weakmap","version":"1.0.2","dir":"C:\\Users\\willy\\OneDrive\\Desktop\\Backup\\Back\\StandPOS\\node_modules\\side-channel-weakmap"},{"name":"signal-exit","version":"4.1.0","dir":"C:\\Users\\willy\\OneDrive\\Desktop\\Backup\\Back\\StandPOS\\node_modules\\signal-exit"},{"name":"simple-concat","version":"1.0.1","dir":"C:\\Users\\willy\\OneDrive\\Desktop\\Backup\\Back\\StandPOS\\node_modules\\simple-concat"},{"name":"simple-get","version":"4.0.1","dir":"C:\\Users\\willy\\OneDrive\\Desktop\\Backup\\Back\\StandPOS\\node_modules\\simple-get"},{"name":"sonner","version":"2.0.7","dir":"C:\\Users\\willy\\OneDrive\\Desktop\\Backup\\Back\\StandPOS\\node_modules\\sonner"},{"name":"ssf","version":"0.11.2","dir":"C:\\Users\\willy\\OneDrive\\Desktop\\Backup\\Back\\StandPOS\\node_modules\\ssf"},{"name":"stackblur-canvas","version":"2.7.0","dir":"C:\\Users\\willy\\OneDrive\\Desktop\\Backup\\Back\\StandPOS\\node_modules\\stackblur-canvas"},{"name":"statuses","version":"2.0.2","dir":"C:\\Users\\willy\\OneDrive\\Desktop\\Backup\\Back\\StandPOS\\node_modules\\statuses"},{"name":"streamsearch","version":"1.1.0","dir":"C:\\Users\\willy\\OneDrive\\Desktop\\Backup\\Back\\StandPOS\\node_modules\\streamsearch"},{"name":"streamx","version":"2.23.0","dir":"C:\\Users\\willy\\OneDrive\\Desktop\\Backup\\Back\\StandPOS\\node_modules\\streamx"},{"name":"string_decoder","version":"1.3.0","dir":"C:\\Users\\willy\\OneDrive\\Desktop\\Backup\\Back\\StandPOS\\node_modules\\string_decoder"},{"name":"string-width","version":"4.2.3","dir":"C:\\Users\\willy\\OneDrive\\Desktop\\Backup\\Back\\StandPOS\\node_modules\\string-width"},{"name":"string-width-cjs","version":"4.2.3","dir":"C:\\Users\\willy\\OneDrive\\Desktop\\Backup\\Back\\StandPOS\\node_modules\\string-width-cjs"},{"name":"strip-ansi","version":"6.0.1","dir":"C:\\Users\\willy\\OneDrive\\Desktop\\Backup\\Back\\StandPOS\\node_modules\\strip-ansi"},{"name":"strip-ansi-cjs","version":"6.0.1","dir":"C:\\Users\\willy\\OneDrive\\Desktop\\Backup\\Back\\StandPOS\\node_modules\\strip-ansi-cjs"},{"name":"strip-json-comments","version":"2.0.1","dir":"C:\\Users\\willy\\OneDrive\\Desktop\\Backup\\Back\\StandPOS\\node_modules\\rc\\node_modules\\strip-json-comments"},{"name":"supports-color","version":"7.2.0","dir":"C:\\Users\\willy\\OneDrive\\Desktop\\Backup\\Back\\StandPOS\\node_modules\\chalk\\node_modules\\supports-color"},{"name":"svg-pathdata","version":"6.0.3","dir":"C:\\Users\\willy\\OneDrive\\Desktop\\Backup\\Back\\StandPOS\\node_modules\\svg-pathdata"},{"name":"tailwind-merge","version":"3.4.0","dir":"C:\\Users\\willy\\OneDrive\\Desktop\\Backup\\Back\\StandPOS\\node_modules\\tailwind-merge"},{"name":"tar-fs","version":"2.1.4","dir":"C:\\Users\\willy\\OneDrive\\Desktop\\Backup\\Back\\StandPOS\\node_modules\\tar-fs","dependencies":[{"name":"readable-stream","version":"3.6.2","dir":"C:\\Users\\willy\\OneDrive\\Desktop\\Backup\\Back\\StandPOS\\node_modules\\readable-stream"},{"name":"tar-stream","version":"2.2.0","dir":"C:\\Users\\willy\\OneDrive\\Desktop\\Backup\\Back\\StandPOS\\node_modules\\tar-stream"}]},{"name":"tar-stream","version":"3.1.7","dir":"C:\\Users\\willy\\OneDrive\\Desktop\\Backup\\Back\\StandPOS\\node_modules\\archiver\\node_modules\\tar-stream"},{"name":"text-decoder","version":"1.2.3","dir":"C:\\Users\\willy\\OneDrive\\Desktop\\Backup\\Back\\StandPOS\\node_modules\\text-decoder"},{"name":"text-segmentation","version":"1.0.3","dir":"C:\\Users\\willy\\OneDrive\\Desktop\\Backup\\Back\\StandPOS\\node_modules\\text-segmentation"},{"name":"tiny-invariant","version":"1.3.3","dir":"C:\\Users\\willy\\OneDrive\\Desktop\\Backup\\Back\\StandPOS\\node_modules\\tiny-invariant"},{"name":"toidentifier","version":"1.0.1","dir":"C:\\Users\\willy\\OneDrive\\Desktop\\Backup\\Back\\StandPOS\\node_modules\\toidentifier"},{"name":"tree-kill","version":"1.2.2","dir":"C:\\Users\\willy\\OneDrive\\Desktop\\Backup\\Back\\StandPOS\\node_modules\\tree-kill"},{"name":"tslib","version":"2.8.1","dir":"C:\\Users\\willy\\OneDrive\\Desktop\\Backup\\Back\\StandPOS\\node_modules\\tslib"},{"name":"tunnel-agent","version":"0.6.0","dir":"C:\\Users\\willy\\OneDrive\\Desktop\\Backup\\Back\\StandPOS\\node_modules\\tunnel-agent"},{"name":"type-is","version":"1.6.18","dir":"C:\\Users\\willy\\OneDrive\\Desktop\\Backup\\Back\\StandPOS\\node_modules\\type-is"},{"name":"typedarray","version":"0.0.6","dir":"C:\\Users\\willy\\OneDrive\\Desktop\\Backup\\Back\\StandPOS\\node_modules\\typedarray"},{"name":"universalify","version":"2.0.1","dir":"C:\\Users\\willy\\OneDrive\\Desktop\\Backup\\Back\\StandPOS\\node_modules\\universalify"},{"name":"unpipe","version":"1.0.0","dir":"C:\\Users\\willy\\OneDrive\\Desktop\\Backup\\Back\\StandPOS\\node_modules\\unpipe"},{"name":"use-callback-ref","version":"1.3.3","dir":"C:\\Users\\willy\\OneDrive\\Desktop\\Backup\\Back\\StandPOS\\node_modules\\use-callback-ref"},{"name":"use-sidecar","version":"1.1.3","dir":"C:\\Users\\willy\\OneDrive\\Desktop\\Backup\\Back\\StandPOS\\node_modules\\use-sidecar"},{"name":"use-sync-external-store","version":"1.6.0","dir":"C:\\Users\\willy\\OneDrive\\Desktop\\Backup\\Back\\StandPOS\\node_modules\\use-sync-external-store"},{"name":"util-deprecate","version":"1.0.2","dir":"C:\\Users\\willy\\OneDrive\\Desktop\\Backup\\Back\\StandPOS\\node_modules\\util-deprecate"},{"name":"utils-merge","version":"1.0.1","dir":"C:\\Users\\willy\\OneDrive\\Desktop\\Backup\\Back\\StandPOS\\node_modules\\utils-merge"},{"name":"utrie","version":"1.0.2","dir":"C:\\Users\\willy\\OneDrive\\Desktop\\Backup\\Back\\StandPOS\\node_modules\\utrie"},{"name":"uuid","version":"11.1.0","dir":"C:\\Users\\willy\\OneDrive\\Desktop\\Backup\\Back\\StandPOS\\node_modules\\uuid"},{"name":"vary","version":"1.1.2","dir":"C:\\Users\\willy\\OneDrive\\Desktop\\Backup\\Back\\StandPOS\\node_modules\\vary"},{"name":"victory-vendor","version":"37.3.6","dir":"C:\\Users\\willy\\OneDrive\\Desktop\\Backup\\Back\\StandPOS\\node_modules\\victory-vendor"},{"name":"which","version":"2.0.2","dir":"C:\\Users\\willy\\OneDrive\\Desktop\\Backup\\Back\\StandPOS\\node_modules\\which"},{"name":"wmf","version":"1.0.2","dir":"C:\\Users\\willy\\OneDrive\\Desktop\\Backup\\Back\\StandPOS\\node_modules\\wmf"},{"name":"word","version":"0.3.0","dir":"C:\\Users\\willy\\OneDrive\\Desktop\\Backup\\Back\\StandPOS\\node_modules\\word"},{"name":"wrap-ansi","version":"8.1.0","dir":"C:\\Users\\willy\\OneDrive\\Desktop\\Backup\\Back\\StandPOS\\node_modules\\@isaacs\\cliui\\node_modules\\wrap-ansi","dependencies":[{"name":"ansi-regex","version":"6.2.2","dir":"C:\\Users\\willy\\OneDrive\\Desktop\\Backup\\Back\\StandPOS\\node_modules\\@isaacs\\cliui\\node_modules\\ansi-regex"},{"name":"ansi-styles","version":"6.2.3","dir":"C:\\Users\\willy\\OneDrive\\Desktop\\Backup\\Back\\StandPOS\\node_modules\\@isaacs\\cliui\\node_modules\\ansi-styles"},{"name":"emoji-regex","version":"9.2.2","dir":"C:\\Users\\willy\\OneDrive\\Desktop\\Backup\\Back\\StandPOS\\node_modules\\@isaacs\\cliui\\node_modules\\emoji-regex"},{"name":"string-width","version":"5.1.2","dir":"C:\\Users\\willy\\OneDrive\\Desktop\\Backup\\Back\\StandPOS\\node_modules\\@isaacs\\cliui\\node_modules\\string-width"},{"name":"strip-ansi","version":"7.1.2","dir":"C:\\Users\\willy\\OneDrive\\Desktop\\Backup\\Back\\StandPOS\\node_modules\\@isaacs\\cliui\\node_modules\\strip-ansi"}]},{"name":"wrap-ansi-cjs","version":"7.0.0","dir":"C:\\Users\\willy\\OneDrive\\Desktop\\Backup\\Back\\StandPOS\\node_modules\\wrap-ansi-cjs"},{"name":"wrappy","version":"1.0.2","dir":"C:\\Users\\willy\\OneDrive\\Desktop\\Backup\\Back\\StandPOS\\node_modules\\wrappy"},{"name":"xlsx","version":"0.18.5","dir":"C:\\Users\\willy\\OneDrive\\Desktop\\Backup\\Back\\StandPOS\\node_modules\\xlsx"},{"name":"xtend","version":"4.0.2","dir":"C:\\Users\\willy\\OneDrive\\Desktop\\Backup\\Back\\StandPOS\\node_modules\\xtend"},{"name":"y18n","version":"5.0.8","dir":"C:\\Users\\willy\\OneDrive\\Desktop\\Backup\\Back\\StandPOS\\node_modules\\y18n"},{"name":"yargs","version":"17.7.2","dir":"C:\\Users\\willy\\OneDrive\\Desktop\\Backup\\Back\\StandPOS\\node_modules\\yargs"},{"name":"yargs-parser","version":"21.1.1","dir":"C:\\Users\\willy\\OneDrive\\Desktop\\Backup\\Back\\StandPOS\\node_modules\\yargs-parser"},{"name":"zip-stream","version":"6.0.1","dir":"C:\\Users\\willy\\OneDrive\\Desktop\\Backup\\Back\\StandPOS\\node_modules\\zip-stream"}]
  • identified module  dep=@babel/runtime from=node_modules\@babel\runtime to=dist_electron\win-unpacked\resources\app\node_modules\@babel\runtime filesCount=248
  • identified module  dep=@date-fns/tz from=node_modules\@date-fns\tz to=dist_electron\win-unpacked\resources\app\node_modules\@date-fns\tz filesCount=32
  • identified module  dep=@emotion/is-prop-valid from=node_modules\@emotion\is-prop-valid to=dist_electron\win-unpacked\resources\app\node_modules\@emotion\is-prop-valid filesCount=14
  • identified module  dep=@emotion/memoize from=node_modules\@emotion\memoize to=dist_electron\win-unpacked\resources\app\node_modules\@emotion\memoize filesCount=13
  • identified module  dep=@floating-ui/core from=node_modules\@floating-ui\core to=dist_electron\win-unpacked\resources\app\node_modules\@floating-ui\core filesCount=9
  • identified module  dep=@floating-ui/dom from=node_modules\@floating-ui\dom to=dist_electron\win-unpacked\resources\app\node_modules\@floating-ui\dom filesCount=9
  • identified module  dep=@floating-ui/react-dom from=node_modules\@floating-ui\react-dom to=dist_electron\win-unpacked\resources\app\node_modules\@floating-ui\react-dom filesCount=7
  • identified module  dep=@floating-ui/utils from=node_modules\@floating-ui\utils to=dist_electron\win-unpacked\resources\app\node_modules\@floating-ui\utils filesCount=15
  • identified module  dep=@isaacs/cliui from=node_modules\@isaacs\cliui to=dist_electron\win-unpacked\resources\app\node_modules\@isaacs\cliui filesCount=6
  • identified module  dep=ansi-regex from=node_modules\@isaacs\cliui\node_modules\ansi-regex to=dist_electron\win-unpacked\resources\app\node_modules\@isaacs\cliui\node_modules\ansi-regex filesCount=3
  • identified module  dep=emoji-regex from=node_modules\@isaacs\cliui\node_modules\emoji-regex to=dist_electron\win-unpacked\resources\app\node_modules\@isaacs\cliui\node_modules\emoji-regex filesCount=8
  • identified module  dep=string-width from=node_modules\@isaacs\cliui\node_modules\string-width to=dist_electron\win-unpacked\resources\app\node_modules\@isaacs\cliui\node_modules\string-width filesCount=3
  • identified module  dep=strip-ansi from=node_modules\@isaacs\cliui\node_modules\strip-ansi to=dist_electron\win-unpacked\resources\app\node_modules\@isaacs\cliui\node_modules\strip-ansi filesCount=3
  • identified module  dep=@pkgjs/parseargs from=node_modules\@pkgjs\parseargs to=dist_electron\win-unpacked\resources\app\node_modules\@pkgjs\parseargs filesCount=9
  • identified module  dep=@radix-ui/number from=node_modules\@radix-ui\number to=dist_electron\win-unpacked\resources\app\node_modules\@radix-ui\number filesCount=6
  • identified module  dep=@radix-ui/primitive from=node_modules\@radix-ui\primitive to=dist_electron\win-unpacked\resources\app\node_modules\@radix-ui\primitive filesCount=7
  • identified module  dep=@radix-ui/react-accordion from=node_modules\@radix-ui\react-accordion to=dist_electron\win-unpacked\resources\app\node_modules\@radix-ui\react-accordion filesCount=7
  • identified module  dep=@radix-ui/react-alert-dialog from=node_modules\@radix-ui\react-alert-dialog to=dist_electron\win-unpacked\resources\app\node_modules\@radix-ui\react-alert-dialog filesCount=10
  • identified module  dep=@radix-ui/react-slot from=node_modules\@radix-ui\react-tooltip\node_modules\@radix-ui\react-slot to=dist_electron\win-unpacked\resources\app\node_modules\@radix-ui\react-alert-dialog\node_modules\@radix-ui\react-slot filesCount=7
  • identified module  dep=@radix-ui/react-arrow from=node_modules\@radix-ui\react-arrow to=dist_electron\win-unpacked\resources\app\node_modules\@radix-ui\react-arrow filesCount=7
  • identified module  dep=@radix-ui/react-aspect-ratio from=node_modules\@radix-ui\react-aspect-ratio to=dist_electron\win-unpacked\resources\app\node_modules\@radix-ui\react-aspect-ratio filesCount=7
  • identified module  dep=@radix-ui/react-primitive from=node_modules\@radix-ui\react-separator\node_modules\@radix-ui\react-primitive to=dist_electron\win-unpacked\resources\app\node_modules\@radix-ui\react-aspect-ratio\node_modules\@radix-ui\react-primitive filesCount=7
  • identified module  dep=@radix-ui/react-avatar from=node_modules\@radix-ui\react-avatar to=dist_electron\win-unpacked\resources\app\node_modules\@radix-ui\react-avatar filesCount=7
  • identified module  dep=@radix-ui/react-context from=node_modules\@radix-ui\react-progress\node_modules\@radix-ui\react-context to=dist_electron\win-unpacked\resources\app\node_modules\@radix-ui\react-avatar\node_modules\@radix-ui\react-context filesCount=7
  • identified module  dep=@radix-ui/react-primitive from=node_modules\@radix-ui\react-separator\node_modules\@radix-ui\react-primitive to=dist_electron\win-unpacked\resources\app\node_modules\@radix-ui\react-avatar\node_modules\@radix-ui\react-primitive filesCount=7
  • identified module  dep=@radix-ui/react-checkbox from=node_modules\@radix-ui\react-checkbox to=dist_electron\win-unpacked\resources\app\node_modules\@radix-ui\react-checkbox filesCount=7
  • identified module  dep=@radix-ui/react-collapsible from=node_modules\@radix-ui\react-collapsible to=dist_electron\win-unpacked\resources\app\node_modules\@radix-ui\react-collapsible filesCount=7
  • identified module  dep=@radix-ui/react-collection from=node_modules\@radix-ui\react-collection to=dist_electron\win-unpacked\resources\app\node_modules\@radix-ui\react-collection filesCount=7
  • identified module  dep=@radix-ui/react-slot from=node_modules\@radix-ui\react-tooltip\node_modules\@radix-ui\react-slot to=dist_electron\win-unpacked\resources\app\node_modules\@radix-ui\react-collection\node_modules\@radix-ui\react-slot filesCount=7
  • identified module  dep=@radix-ui/react-compose-refs from=node_modules\@radix-ui\react-compose-refs to=dist_electron\win-unpacked\resources\app\node_modules\@radix-ui\react-compose-refs filesCount=6
  • identified module  dep=@radix-ui/react-context from=node_modules\@radix-ui\react-context to=dist_electron\win-unpacked\resources\app\node_modules\@radix-ui\react-context filesCount=6
  • identified module  dep=@radix-ui/react-context-menu from=node_modules\@radix-ui\react-context-menu to=dist_electron\win-unpacked\resources\app\node_modules\@radix-ui\react-context-menu filesCount=7
  • identified module  dep=@radix-ui/react-dialog from=node_modules\@radix-ui\react-dialog to=dist_electron\win-unpacked\resources\app\node_modules\@radix-ui\react-dialog filesCount=7
  • identified module  dep=@radix-ui/react-slot from=node_modules\@radix-ui\react-tooltip\node_modules\@radix-ui\react-slot to=dist_electron\win-unpacked\resources\app\node_modules\@radix-ui\react-dialog\node_modules\@radix-ui\react-slot filesCount=7
  • identified module  dep=@radix-ui/react-direction from=node_modules\@radix-ui\react-direction to=dist_electron\win-unpacked\resources\app\node_modules\@radix-ui\react-direction filesCount=6
  • identified module  dep=@radix-ui/react-dismissable-layer from=node_modules\@radix-ui\react-dismissable-layer to=dist_electron\win-unpacked\resources\app\node_modules\@radix-ui\react-dismissable-layer filesCount=7
  • identified module  dep=@radix-ui/react-dropdown-menu from=node_modules\@radix-ui\react-dropdown-menu to=dist_electron\win-unpacked\resources\app\node_modules\@radix-ui\react-dropdown-menu filesCount=7
  • identified module  dep=@radix-ui/react-focus-guards from=node_modules\@radix-ui\react-focus-guards to=dist_electron\win-unpacked\resources\app\node_modules\@radix-ui\react-focus-guards filesCount=7
  • identified module  dep=@radix-ui/react-focus-scope from=node_modules\@radix-ui\react-focus-scope to=dist_electron\win-unpacked\resources\app\node_modules\@radix-ui\react-focus-scope filesCount=7
  • identified module  dep=@radix-ui/react-hover-card from=node_modules\@radix-ui\react-hover-card to=dist_electron\win-unpacked\resources\app\node_modules\@radix-ui\react-hover-card filesCount=7
  • identified module  dep=@radix-ui/react-id from=node_modules\@radix-ui\react-id to=dist_electron\win-unpacked\resources\app\node_modules\@radix-ui\react-id filesCount=6
  • identified module  dep=@radix-ui/react-label from=node_modules\@radix-ui\react-label to=dist_electron\win-unpacked\resources\app\node_modules\@radix-ui\react-label filesCount=7
  • identified module  dep=@radix-ui/react-primitive from=node_modules\@radix-ui\react-separator\node_modules\@radix-ui\react-primitive to=dist_electron\win-unpacked\resources\app\node_modules\@radix-ui\react-label\node_modules\@radix-ui\react-primitive filesCount=7
  • identified module  dep=@radix-ui/react-menu from=node_modules\@radix-ui\react-menu to=dist_electron\win-unpacked\resources\app\node_modules\@radix-ui\react-menu filesCount=7
  • identified module  dep=@radix-ui/react-slot from=node_modules\@radix-ui\react-tooltip\node_modules\@radix-ui\react-slot to=dist_electron\win-unpacked\resources\app\node_modules\@radix-ui\react-menu\node_modules\@radix-ui\react-slot filesCount=7
  • identified module  dep=@radix-ui/react-menubar from=node_modules\@radix-ui\react-menubar to=dist_electron\win-unpacked\resources\app\node_modules\@radix-ui\react-menubar filesCount=7
  • identified module  dep=@radix-ui/react-navigation-menu from=node_modules\@radix-ui\react-navigation-menu to=dist_electron\win-unpacked\resources\app\node_modules\@radix-ui\react-navigation-menu filesCount=7
  • identified module  dep=@radix-ui/react-popover from=node_modules\@radix-ui\react-popover to=dist_electron\win-unpacked\resources\app\node_modules\@radix-ui\react-popover filesCount=7
  • identified module  dep=@radix-ui/react-slot from=node_modules\@radix-ui\react-tooltip\node_modules\@radix-ui\react-slot to=dist_electron\win-unpacked\resources\app\node_modules\@radix-ui\react-popover\node_modules\@radix-ui\react-slot filesCount=7
  • identified module  dep=@radix-ui/react-popper from=node_modules\@radix-ui\react-popper to=dist_electron\win-unpacked\resources\app\node_modules\@radix-ui\react-popper filesCount=7
  • identified module  dep=@radix-ui/react-portal from=node_modules\@radix-ui\react-portal to=dist_electron\win-unpacked\resources\app\node_modules\@radix-ui\react-portal filesCount=7
  • identified module  dep=@radix-ui/react-presence from=node_modules\@radix-ui\react-presence to=dist_electron\win-unpacked\resources\app\node_modules\@radix-ui\react-presence filesCount=7
  • identified module  dep=@radix-ui/react-primitive from=node_modules\@radix-ui\react-primitive to=dist_electron\win-unpacked\resources\app\node_modules\@radix-ui\react-primitive filesCount=7
  • identified module  dep=@radix-ui/react-slot from=node_modules\@radix-ui\react-tooltip\node_modules\@radix-ui\react-slot to=dist_electron\win-unpacked\resources\app\node_modules\@radix-ui\react-primitive\node_modules\@radix-ui\react-slot filesCount=7
  • identified module  dep=@radix-ui/react-progress from=node_modules\@radix-ui\react-progress to=dist_electron\win-unpacked\resources\app\node_modules\@radix-ui\react-progress filesCount=7
  • identified module  dep=@radix-ui/react-context from=node_modules\@radix-ui\react-progress\node_modules\@radix-ui\react-context to=dist_electron\win-unpacked\resources\app\node_modules\@radix-ui\react-progress\node_modules\@radix-ui\react-context filesCount=7
  • identified module  dep=@radix-ui/react-primitive from=node_modules\@radix-ui\react-separator\node_modules\@radix-ui\react-primitive to=dist_electron\win-unpacked\resources\app\node_modules\@radix-ui\react-progress\node_modules\@radix-ui\react-primitive filesCount=7
  • identified module  dep=@radix-ui/react-radio-group from=node_modules\@radix-ui\react-radio-group to=dist_electron\win-unpacked\resources\app\node_modules\@radix-ui\react-radio-group filesCount=7
  • identified module  dep=@radix-ui/react-roving-focus from=node_modules\@radix-ui\react-roving-focus to=dist_electron\win-unpacked\resources\app\node_modules\@radix-ui\react-roving-focus filesCount=7
  • identified module  dep=@radix-ui/react-scroll-area from=node_modules\@radix-ui\react-scroll-area to=dist_electron\win-unpacked\resources\app\node_modules\@radix-ui\react-scroll-area filesCount=7
  • identified module  dep=@radix-ui/react-select from=node_modules\@radix-ui\react-select to=dist_electron\win-unpacked\resources\app\node_modules\@radix-ui\react-select filesCount=7
  • identified module  dep=@radix-ui/react-slot from=node_modules\@radix-ui\react-tooltip\node_modules\@radix-ui\react-slot to=dist_electron\win-unpacked\resources\app\node_modules\@radix-ui\react-select\node_modules\@radix-ui\react-slot filesCount=7
  • identified module  dep=@radix-ui/react-separator from=node_modules\@radix-ui\react-separator to=dist_electron\win-unpacked\resources\app\node_modules\@radix-ui\react-separator filesCount=7
  • identified module  dep=@radix-ui/react-primitive from=node_modules\@radix-ui\react-separator\node_modules\@radix-ui\react-primitive to=dist_electron\win-unpacked\resources\app\node_modules\@radix-ui\react-separator\node_modules\@radix-ui\react-primitive filesCount=7
  • identified module  dep=@radix-ui/react-slider from=node_modules\@radix-ui\react-slider to=dist_electron\win-unpacked\resources\app\node_modules\@radix-ui\react-slider filesCount=7
  • identified module  dep=@radix-ui/react-slot from=node_modules\@radix-ui\react-slot to=dist_electron\win-unpacked\resources\app\node_modules\@radix-ui\react-slot filesCount=7
  • identified module  dep=@radix-ui/react-switch from=node_modules\@radix-ui\react-switch to=dist_electron\win-unpacked\resources\app\node_modules\@radix-ui\react-switch filesCount=7
  • identified module  dep=@radix-ui/react-tabs from=node_modules\@radix-ui\react-tabs to=dist_electron\win-unpacked\resources\app\node_modules\@radix-ui\react-tabs filesCount=7
  • identified module  dep=@radix-ui/react-toast from=node_modules\@radix-ui\react-toast to=dist_electron\win-unpacked\resources\app\node_modules\@radix-ui\react-toast filesCount=7
  • identified module  dep=@radix-ui/react-toggle from=node_modules\@radix-ui\react-toggle to=dist_electron\win-unpacked\resources\app\node_modules\@radix-ui\react-toggle filesCount=7
  • identified module  dep=@radix-ui/react-toggle-group from=node_modules\@radix-ui\react-toggle-group to=dist_electron\win-unpacked\resources\app\node_modules\@radix-ui\react-toggle-group filesCount=7
  • identified module  dep=@radix-ui/react-tooltip from=node_modules\@radix-ui\react-tooltip to=dist_electron\win-unpacked\resources\app\node_modules\@radix-ui\react-tooltip filesCount=7
  • identified module  dep=@radix-ui/react-slot from=node_modules\@radix-ui\react-tooltip\node_modules\@radix-ui\react-slot to=dist_electron\win-unpacked\resources\app\node_modules\@radix-ui\react-tooltip\node_modules\@radix-ui\react-slot filesCount=7
  • identified module  dep=@radix-ui/react-use-callback-ref from=node_modules\@radix-ui\react-use-callback-ref to=dist_electron\win-unpacked\resources\app\node_modules\@radix-ui\react-use-callback-ref filesCount=6
  • identified module  dep=@radix-ui/react-use-controllable-state from=node_modules\@radix-ui\react-use-controllable-state to=dist_electron\win-unpacked\resources\app\node_modules\@radix-ui\react-use-controllable-state filesCount=7
  • identified module  dep=@radix-ui/react-use-effect-event from=node_modules\@radix-ui\react-use-effect-event to=dist_electron\win-unpacked\resources\app\node_modules\@radix-ui\react-use-effect-event filesCount=9
  • identified module  dep=@radix-ui/react-use-escape-keydown from=node_modules\@radix-ui\react-use-escape-keydown to=dist_electron\win-unpacked\resources\app\node_modules\@radix-ui\react-use-escape-keydown filesCount=6
  • identified module  dep=@radix-ui/react-use-is-hydrated from=node_modules\@radix-ui\react-use-is-hydrated to=dist_electron\win-unpacked\resources\app\node_modules\@radix-ui\react-use-is-hydrated filesCount=9
  • identified module  dep=@radix-ui/react-use-layout-effect from=node_modules\@radix-ui\react-use-layout-effect to=dist_electron\win-unpacked\resources\app\node_modules\@radix-ui\react-use-layout-effect filesCount=6
  • identified module  dep=@radix-ui/react-use-previous from=node_modules\@radix-ui\react-use-previous to=dist_electron\win-unpacked\resources\app\node_modules\@radix-ui\react-use-previous filesCount=6
  • identified module  dep=@radix-ui/react-use-rect from=node_modules\@radix-ui\react-use-rect to=dist_electron\win-unpacked\resources\app\node_modules\@radix-ui\react-use-rect filesCount=6
  • identified module  dep=@radix-ui/react-use-size from=node_modules\@radix-ui\react-use-size to=dist_electron\win-unpacked\resources\app\node_modules\@radix-ui\react-use-size filesCount=6
  • identified module  dep=@radix-ui/react-visually-hidden from=node_modules\@radix-ui\react-visually-hidden to=dist_electron\win-unpacked\resources\app\node_modules\@radix-ui\react-visually-hidden filesCount=7
  • identified module  dep=@radix-ui/rect from=node_modules\@radix-ui\rect to=dist_electron\win-unpacked\resources\app\node_modules\@radix-ui\rect filesCount=6
  • identified module  dep=@reduxjs/toolkit from=node_modules\@reduxjs\toolkit to=dist_electron\win-unpacked\resources\app\node_modules\@reduxjs\toolkit filesCount=246
  • identified module  dep=@remix-run/router from=node_modules\@remix-run\router to=dist_electron\win-unpacked\resources\app\node_modules\@remix-run\router filesCount=14
  • identified module  dep=@standard-schema/spec from=node_modules\@standard-schema\spec to=dist_electron\win-unpacked\resources\app\node_modules\@standard-schema\spec filesCount=5
  • identified module  dep=@standard-schema/utils from=node_modules\@standard-schema\utils to=dist_electron\win-unpacked\resources\app\node_modules\@standard-schema\utils filesCount=5
  • identified module  dep=@tanstack/query-core from=node_modules\@tanstack\query-core to=dist_electron\win-unpacked\resources\app\node_modules\@tanstack\query-core filesCount=259
  • identified module  dep=@tanstack/react-query from=node_modules\@tanstack\react-query to=dist_electron\win-unpacked\resources\app\node_modules\@tanstack\react-query filesCount=278
  • identified module  dep=@types/d3-array from=node_modules\@types\d3-array to=dist_electron\win-unpacked\resources\app\node_modules\@types\d3-array filesCount=2
  • identified module  dep=@types/d3-color from=node_modules\@types\d3-color to=dist_electron\win-unpacked\resources\app\node_modules\@types\d3-color filesCount=2
  • identified module  dep=@types/d3-ease from=node_modules\@types\d3-ease to=dist_electron\win-unpacked\resources\app\node_modules\@types\d3-ease filesCount=2
  • identified module  dep=@types/d3-interpolate from=node_modules\@types\d3-interpolate to=dist_electron\win-unpacked\resources\app\node_modules\@types\d3-interpolate filesCount=2
  • identified module  dep=@types/d3-path from=node_modules\@types\d3-path to=dist_electron\win-unpacked\resources\app\node_modules\@types\d3-path filesCount=2
  • identified module  dep=@types/d3-scale from=node_modules\@types\d3-scale to=dist_electron\win-unpacked\resources\app\node_modules\@types\d3-scale filesCount=2
  • identified module  dep=@types/d3-shape from=node_modules\@types\d3-shape to=dist_electron\win-unpacked\resources\app\node_modules\@types\d3-shape filesCount=2
  • identified module  dep=@types/d3-time from=node_modules\@types\d3-time to=dist_electron\win-unpacked\resources\app\node_modules\@types\d3-time filesCount=2
  • identified module  dep=@types/d3-timer from=node_modules\@types\d3-timer to=dist_electron\win-unpacked\resources\app\node_modules\@types\d3-timer filesCount=2
  • identified module  dep=@types/pako from=node_modules\@types\pako to=dist_electron\win-unpacked\resources\app\node_modules\@types\pako filesCount=2
  • identified module  dep=@types/raf from=node_modules\@types\raf to=dist_electron\win-unpacked\resources\app\node_modules\@types\raf filesCount=2
  • identified module  dep=@types/trusted-types from=node_modules\@types\trusted-types to=dist_electron\win-unpacked\resources\app\node_modules\@types\trusted-types filesCount=2
  • identified module  dep=@types/use-sync-external-store from=node_modules\@types\use-sync-external-store to=dist_electron\win-unpacked\resources\app\node_modules\@types\use-sync-external-store filesCount=2
  • identified module  dep=abort-controller from=node_modules\abort-controller to=dist_electron\win-unpacked\resources\app\node_modules\abort-controller filesCount=12
  • identified module  dep=accepts from=node_modules\accepts to=dist_electron\win-unpacked\resources\app\node_modules\accepts filesCount=4
  • identified module  dep=adler-32 from=node_modules\adler-32 to=dist_electron\win-unpacked\resources\app\node_modules\adler-32 filesCount=5
  • identified module  dep=adm-zip from=node_modules\adm-zip to=dist_electron\win-unpacked\resources\app\node_modules\adm-zip filesCount=18
  • identified module  dep=ansi-regex from=node_modules\ansi-regex to=dist_electron\win-unpacked\resources\app\node_modules\ansi-regex filesCount=3
  • identified module  dep=ansi-styles from=node_modules\ansi-styles to=dist_electron\win-unpacked\resources\app\node_modules\ansi-styles filesCount=3
  • identified module  dep=append-field from=node_modules\append-field to=dist_electron\win-unpacked\resources\app\node_modules\append-field filesCount=5
  • identified module  dep=archiver from=node_modules\archiver to=dist_electron\win-unpacked\resources\app\node_modules\archiver filesCount=8
  • identified module  dep=archiver-utils from=node_modules\archiver-utils to=dist_electron\win-unpacked\resources\app\node_modules\archiver-utils filesCount=4
  • identified module  dep=aria-hidden from=node_modules\aria-hidden to=dist_electron\win-unpacked\resources\app\node_modules\aria-hidden filesCount=5
  • identified module  dep=array-flatten from=node_modules\array-flatten to=dist_electron\win-unpacked\resources\app\node_modules\array-flatten filesCount=3
  • identified module  dep=async from=node_modules\async to=dist_electron\win-unpacked\resources\app\node_modules\async filesCount=135
  • identified module  dep=b4a from=node_modules\text-decoder\node_modules\b4a to=dist_electron\win-unpacked\resources\app\node_modules\b4a filesCount=10
  • identified module  dep=balanced-match from=node_modules\balanced-match to=dist_electron\win-unpacked\resources\app\node_modules\balanced-match filesCount=3
  • identified module  dep=bare-events from=node_modules\bare-events to=dist_electron\win-unpacked\resources\app\node_modules\bare-events filesCount=6
  • identified module  dep=base64-arraybuffer from=node_modules\base64-arraybuffer to=dist_electron\win-unpacked\resources\app\node_modules\base64-arraybuffer filesCount=9
  • identified module  dep=base64-js from=node_modules\base64-js to=dist_electron\win-unpacked\resources\app\node_modules\base64-js filesCount=4
  • identified module  dep=bcryptjs from=node_modules\bcryptjs to=dist_electron\win-unpacked\resources\app\node_modules\bcryptjs filesCount=6
  • identified module  dep=better-sqlite3 from=node_modules\better-sqlite3 to=dist_electron\win-unpacked\resources\app\node_modules\better-sqlite3 filesCount=28
  • identified module  dep=bindings from=node_modules\bindings to=dist_electron\win-unpacked\resources\app\node_modules\bindings filesCount=3
  • identified module  dep=bl from=node_modules\bl to=dist_electron\win-unpacked\resources\app\node_modules\bl filesCount=4
  • identified module  dep=buffer from=node_modules\buffer to=dist_electron\win-unpacked\resources\app\node_modules\bl\node_modules\buffer filesCount=4
  • identified module  dep=readable-stream from=node_modules\readable-stream to=dist_electron\win-unpacked\resources\app\node_modules\bl\node_modules\readable-stream filesCount=24
  • identified module  dep=body-parser from=node_modules\body-parser to=dist_electron\win-unpacked\resources\app\node_modules\body-parser filesCount=9
  • identified module  dep=brace-expansion from=node_modules\readdir-glob\node_modules\brace-expansion to=dist_electron\win-unpacked\resources\app\node_modules\brace-expansion filesCount=3
  • identified module  dep=buffer from=node_modules\zip-stream\node_modules\buffer to=dist_electron\win-unpacked\resources\app\node_modules\buffer filesCount=4
  • identified module  dep=buffer-crc32 from=node_modules\archiver\node_modules\buffer-crc32 to=dist_electron\win-unpacked\resources\app\node_modules\buffer-crc32 filesCount=6
  • identified module  dep=buffer-equal-constant-time from=node_modules\buffer-equal-constant-time to=dist_electron\win-unpacked\resources\app\node_modules\buffer-equal-constant-time filesCount=4
  • identified module  dep=buffer-from from=node_modules\buffer-from to=dist_electron\win-unpacked\resources\app\node_modules\buffer-from filesCount=3
  • identified module  dep=busboy from=node_modules\busboy to=dist_electron\win-unpacked\resources\app\node_modules\busboy filesCount=13
  • identified module  dep=bytes from=node_modules\bytes to=dist_electron\win-unpacked\resources\app\node_modules\bytes filesCount=4
  • identified module  dep=call-bind-apply-helpers from=node_modules\call-bind-apply-helpers to=dist_electron\win-unpacked\resources\app\node_modules\call-bind-apply-helpers filesCount=10
  • identified module  dep=call-bound from=node_modules\call-bound to=dist_electron\win-unpacked\resources\app\node_modules\call-bound filesCount=5
  • identified module  dep=canvg from=node_modules\canvg to=dist_electron\win-unpacked\resources\app\node_modules\canvg filesCount=88
  • identified module  dep=cfb from=node_modules\cfb to=dist_electron\win-unpacked\resources\app\node_modules\cfb filesCount=10
  • identified module  dep=chalk from=node_modules\chalk to=dist_electron\win-unpacked\resources\app\node_modules\chalk filesCount=5
  • identified module  dep=chownr from=node_modules\tar-fs\node_modules\chownr to=dist_electron\win-unpacked\resources\app\node_modules\chownr filesCount=3
  • identified module  dep=class-variance-authority from=node_modules\class-variance-authority to=dist_electron\win-unpacked\resources\app\node_modules\class-variance-authority filesCount=6
  • identified module  dep=cliui from=node_modules\cliui to=dist_electron\win-unpacked\resources\app\node_modules\cliui filesCount=7
  • identified module  dep=wrap-ansi from=node_modules\wrap-ansi to=dist_electron\win-unpacked\resources\app\node_modules\cliui\node_modules\wrap-ansi filesCount=3
  • identified module  dep=clsx from=node_modules\clsx to=dist_electron\win-unpacked\resources\app\node_modules\clsx filesCount=8
  • identified module  dep=cmdk from=node_modules\cmdk to=dist_electron\win-unpacked\resources\app\node_modules\cmdk filesCount=10
  • identified module  dep=codepage from=node_modules\codepage to=dist_electron\win-unpacked\resources\app\node_modules\codepage filesCount=153
  • identified module  dep=color-convert from=node_modules\color-convert to=dist_electron\win-unpacked\resources\app\node_modules\color-convert filesCount=5
  • identified module  dep=color-name from=node_modules\color-name to=dist_electron\win-unpacked\resources\app\node_modules\color-name filesCount=3
  • identified module  dep=compress-commons from=node_modules\compress-commons to=dist_electron\win-unpacked\resources\app\node_modules\compress-commons filesCount=12
  • identified module  dep=concat-stream from=node_modules\concat-stream to=dist_electron\win-unpacked\resources\app\node_modules\concat-stream filesCount=3
  • identified module  dep=readable-stream from=node_modules\readable-stream to=dist_electron\win-unpacked\resources\app\node_modules\concat-stream\node_modules\readable-stream filesCount=24
  • identified module  dep=concurrently from=node_modules\concurrently to=dist_electron\win-unpacked\resources\app\node_modules\concurrently filesCount=50
  • identified module  dep=supports-color from=node_modules\supports-color to=dist_electron\win-unpacked\resources\app\node_modules\concurrently\node_modules\supports-color filesCount=4
  • identified module  dep=content-disposition from=node_modules\content-disposition to=dist_electron\win-unpacked\resources\app\node_modules\content-disposition filesCount=4
  • identified module  dep=content-type from=node_modules\content-type to=dist_electron\win-unpacked\resources\app\node_modules\content-type filesCount=4
  • identified module  dep=cookie from=node_modules\cookie to=dist_electron\win-unpacked\resources\app\node_modules\cookie filesCount=4
  • identified module  dep=cookie-signature from=node_modules\cookie-signature to=dist_electron\win-unpacked\resources\app\node_modules\cookie-signature filesCount=3
  • identified module  dep=core-js from=node_modules\core-js to=dist_electron\win-unpacked\resources\app\node_modules\core-js filesCount=3694
  • identified module  dep=core-util-is from=node_modules\core-util-is to=dist_electron\win-unpacked\resources\app\node_modules\core-util-is filesCount=5
  • identified module  dep=cors from=node_modules\cors to=dist_electron\win-unpacked\resources\app\node_modules\cors filesCount=3
  • identified module  dep=crc-32 from=node_modules\crc-32 to=dist_electron\win-unpacked\resources\app\node_modules\crc-32 filesCount=7
  • identified module  dep=crc32-stream from=node_modules\crc32-stream to=dist_electron\win-unpacked\resources\app\node_modules\crc32-stream filesCount=5
  • identified module  dep=cross-spawn from=node_modules\cross-spawn to=dist_electron\win-unpacked\resources\app\node_modules\cross-spawn filesCount=8
  • identified module  dep=css-line-break from=node_modules\css-line-break to=dist_electron\win-unpacked\resources\app\node_modules\css-line-break filesCount=15
  • identified module  dep=d3-array from=node_modules\d3-array to=dist_electron\win-unpacked\resources\app\node_modules\d3-array filesCount=65
  • identified module  dep=d3-color from=node_modules\d3-color to=dist_electron\win-unpacked\resources\app\node_modules\d3-color filesCount=10
  • identified module  dep=d3-ease from=node_modules\d3-ease to=dist_electron\win-unpacked\resources\app\node_modules\d3-ease filesCount=16
  • identified module  dep=d3-format from=node_modules\d3-format to=dist_electron\win-unpacked\resources\app\node_modules\d3-format filesCount=79
  • identified module  dep=d3-interpolate from=node_modules\d3-interpolate to=dist_electron\win-unpacked\resources\app\node_modules\d3-interpolate filesCount=30
  • identified module  dep=d3-path from=node_modules\d3-path to=dist_electron\win-unpacked\resources\app\node_modules\d3-path filesCount=6
  • identified module  dep=d3-scale from=node_modules\d3-scale to=dist_electron\win-unpacked\resources\app\node_modules\d3-scale filesCount=28
  • identified module  dep=d3-shape from=node_modules\d3-shape to=dist_electron\win-unpacked\resources\app\node_modules\d3-shape filesCount=64
  • identified module  dep=d3-time from=node_modules\d3-time to=dist_electron\win-unpacked\resources\app\node_modules\d3-time filesCount=16
  • identified module  dep=d3-time-format from=node_modules\d3-time-format to=dist_electron\win-unpacked\resources\app\node_modules\d3-time-format filesCount=43
  • identified module  dep=d3-timer from=node_modules\d3-timer to=dist_electron\win-unpacked\resources\app\node_modules\d3-timer filesCount=8
  • identified module  dep=date-fns from=node_modules\date-fns to=dist_electron\win-unpacked\resources\app\node_modules\date-fns filesCount=4094
  • identified module  dep=date-fns-jalali from=node_modules\date-fns-jalali to=dist_electron\win-unpacked\resources\app\node_modules\date-fns-jalali filesCount=2207
  • identified module  dep=debug from=node_modules\send\node_modules\debug to=dist_electron\win-unpacked\resources\app\node_modules\debug filesCount=10
  • identified module  dep=ms from=node_modules\send\node_modules\debug\node_modules\ms to=dist_electron\win-unpacked\resources\app\node_modules\debug\node_modules\ms filesCount=3
  • identified module  dep=decimal.js-light from=node_modules\decimal.js-light to=dist_electron\win-unpacked\resources\app\node_modules\decimal.js-light filesCount=7
  • identified module  dep=decompress-response from=node_modules\decompress-response to=dist_electron\win-unpacked\resources\app\node_modules\decompress-response filesCount=3
  • identified module  dep=deep-extend from=node_modules\deep-extend to=dist_electron\win-unpacked\resources\app\node_modules\deep-extend filesCount=4
  • identified module  dep=depd from=node_modules\depd to=dist_electron\win-unpacked\resources\app\node_modules\depd filesCount=5
  • identified module  dep=destroy from=node_modules\destroy to=dist_electron\win-unpacked\resources\app\node_modules\destroy filesCount=3
  • identified module  dep=detect-libc from=node_modules\detect-libc to=dist_electron\win-unpacked\resources\app\node_modules\detect-libc filesCount=6
  • identified module  dep=detect-node-es from=node_modules\detect-node-es to=dist_electron\win-unpacked\resources\app\node_modules\detect-node-es filesCount=6
  • identified module  dep=dompurify from=node_modules\dompurify to=dist_electron\win-unpacked\resources\app\node_modules\dompurify filesCount=11
  • identified module  dep=dunder-proto from=node_modules\dunder-proto to=dist_electron\win-unpacked\resources\app\node_modules\dunder-proto filesCount=6
  • identified module  dep=eastasianwidth from=node_modules\eastasianwidth to=dist_electron\win-unpacked\resources\app\node_modules\eastasianwidth filesCount=2
  • identified module  dep=ecdsa-sig-formatter from=node_modules\ecdsa-sig-formatter to=dist_electron\win-unpacked\resources\app\node_modules\ecdsa-sig-formatter filesCount=5
  • identified module  dep=ee-first from=node_modules\ee-first to=dist_electron\win-unpacked\resources\app\node_modules\ee-first filesCount=3
  • identified module  dep=emoji-regex from=node_modules\emoji-regex to=dist_electron\win-unpacked\resources\app\node_modules\emoji-regex filesCount=6
  • identified module  dep=encodeurl from=node_modules\encodeurl to=dist_electron\win-unpacked\resources\app\node_modules\encodeurl filesCount=3
  • identified module  dep=end-of-stream from=node_modules\end-of-stream to=dist_electron\win-unpacked\resources\app\node_modules\end-of-stream filesCount=3
  • identified module  dep=es-define-property from=node_modules\es-define-property to=dist_electron\win-unpacked\resources\app\node_modules\es-define-property filesCount=5
  • identified module  dep=es-errors from=node_modules\es-errors to=dist_electron\win-unpacked\resources\app\node_modules\es-errors filesCount=10
  • identified module  dep=es-object-atoms from=node_modules\es-object-atoms to=dist_electron\win-unpacked\resources\app\node_modules\es-object-atoms filesCount=7
  • identified module  dep=es-toolkit from=node_modules\es-toolkit to=dist_electron\win-unpacked\resources\app\node_modules\es-toolkit filesCount=1895
  • identified module  dep=escalade from=node_modules\escalade to=dist_electron\win-unpacked\resources\app\node_modules\escalade filesCount=8
  • identified module  dep=escape-html from=node_modules\escape-html to=dist_electron\win-unpacked\resources\app\node_modules\escape-html filesCount=3
  • identified module  dep=etag from=node_modules\etag to=dist_electron\win-unpacked\resources\app\node_modules\etag filesCount=4
  • identified module  dep=event-target-shim from=node_modules\event-target-shim to=dist_electron\win-unpacked\resources\app\node_modules\event-target-shim filesCount=8
  • identified module  dep=eventemitter3 from=node_modules\eventemitter3 to=dist_electron\win-unpacked\resources\app\node_modules\eventemitter3 filesCount=10
  • identified module  dep=events from=node_modules\events to=dist_electron\win-unpacked\resources\app\node_modules\events filesCount=6
  • identified module  dep=events-universal from=node_modules\events-universal to=dist_electron\win-unpacked\resources\app\node_modules\events-universal filesCount=6
  • identified module  dep=expand-template from=node_modules\expand-template to=dist_electron\win-unpacked\resources\app\node_modules\expand-template filesCount=4
  • identified module  dep=express from=node_modules\express to=dist_electron\win-unpacked\resources\app\node_modules\express filesCount=15
  • identified module  dep=fast-fifo from=node_modules\fast-fifo to=dist_electron\win-unpacked\resources\app\node_modules\fast-fifo filesCount=4
  • identified module  dep=fast-png from=node_modules\fast-png to=dist_electron\win-unpacked\resources\app\node_modules\fast-png filesCount=67
  • identified module  dep=fflate from=node_modules\fflate to=dist_electron\win-unpacked\resources\app\node_modules\fflate filesCount=13
  • identified module  dep=file-uri-to-path from=node_modules\file-uri-to-path to=dist_electron\win-unpacked\resources\app\node_modules\file-uri-to-path filesCount=4
  • identified module  dep=finalhandler from=node_modules\finalhandler to=dist_electron\win-unpacked\resources\app\node_modules\finalhandler filesCount=5
  • identified module  dep=foreground-child from=node_modules\foreground-child to=dist_electron\win-unpacked\resources\app\node_modules\foreground-child filesCount=28
  • identified module  dep=forwarded from=node_modules\forwarded to=dist_electron\win-unpacked\resources\app\node_modules\forwarded filesCount=4
  • identified module  dep=frac from=node_modules\frac to=dist_electron\win-unpacked\resources\app\node_modules\frac filesCount=9
  • identified module  dep=framer-motion from=node_modules\framer-motion to=dist_electron\win-unpacked\resources\app\node_modules\framer-motion filesCount=302
  • identified module  dep=fresh from=node_modules\fresh to=dist_electron\win-unpacked\resources\app\node_modules\fresh filesCount=4
  • identified module  dep=fs-constants from=node_modules\fs-constants to=dist_electron\win-unpacked\resources\app\node_modules\fs-constants filesCount=4
  • identified module  dep=fs-extra from=node_modules\fs-extra to=dist_electron\win-unpacked\resources\app\node_modules\fs-extra filesCount=31
  • identified module  dep=function-bind from=node_modules\function-bind to=dist_electron\win-unpacked\resources\app\node_modules\function-bind filesCount=5
  • identified module  dep=get-caller-file from=node_modules\get-caller-file to=dist_electron\win-unpacked\resources\app\node_modules\get-caller-file filesCount=4
  • identified module  dep=get-intrinsic from=node_modules\get-intrinsic to=dist_electron\win-unpacked\resources\app\node_modules\get-intrinsic filesCount=4
  • identified module  dep=get-nonce from=node_modules\get-nonce to=dist_electron\win-unpacked\resources\app\node_modules\get-nonce filesCount=4
  • identified module  dep=get-proto from=node_modules\get-proto to=dist_electron\win-unpacked\resources\app\node_modules\get-proto filesCount=7
  • identified module  dep=github-from-package from=node_modules\github-from-package to=dist_electron\win-unpacked\resources\app\node_modules\github-from-package filesCount=3
  • identified module  dep=glob from=node_modules\archiver-utils\node_modules\glob to=dist_electron\win-unpacked\resources\app\node_modules\glob filesCount=50
  • identified module  dep=gopd from=node_modules\gopd to=dist_electron\win-unpacked\resources\app\node_modules\gopd filesCount=5
  • identified module  dep=graceful-fs from=node_modules\graceful-fs to=dist_electron\win-unpacked\resources\app\node_modules\graceful-fs filesCount=6
  • identified module  dep=has-flag from=node_modules\has-flag to=dist_electron\win-unpacked\resources\app\node_modules\has-flag filesCount=3
  • identified module  dep=has-symbols from=node_modules\has-symbols to=dist_electron\win-unpacked\resources\app\node_modules\has-symbols filesCount=6
  • identified module  dep=hasown from=node_modules\hasown to=dist_electron\win-unpacked\resources\app\node_modules\hasown filesCount=5
  • identified module  dep=html2canvas from=node_modules\html2canvas to=dist_electron\win-unpacked\resources\app\node_modules\html2canvas filesCount=262
  • identified module  dep=http-errors from=node_modules\http-errors to=dist_electron\win-unpacked\resources\app\node_modules\http-errors filesCount=4
  • identified module  dep=iconv-lite from=node_modules\raw-body\node_modules\iconv-lite to=dist_electron\win-unpacked\resources\app\node_modules\iconv-lite filesCount=23
  • identified module  dep=ieee754 from=node_modules\ieee754 to=dist_electron\win-unpacked\resources\app\node_modules\ieee754 filesCount=3
  • identified module  dep=immer from=node_modules\@reduxjs\toolkit\node_modules\immer to=dist_electron\win-unpacked\resources\app\node_modules\immer filesCount=31
  • identified module  dep=inherits from=node_modules\inherits to=dist_electron\win-unpacked\resources\app\node_modules\inherits filesCount=4
  • identified module  dep=ini from=node_modules\ini to=dist_electron\win-unpacked\resources\app\node_modules\ini filesCount=3
  • identified module  dep=internmap from=node_modules\internmap to=dist_electron\win-unpacked\resources\app\node_modules\internmap filesCount=5
  • identified module  dep=iobuffer from=node_modules\iobuffer to=dist_electron\win-unpacked\resources\app\node_modules\iobuffer filesCount=12
  • identified module  dep=ipaddr.js from=node_modules\ipaddr.js to=dist_electron\win-unpacked\resources\app\node_modules\ipaddr.js filesCount=4
  • identified module  dep=is-fullwidth-code-point from=node_modules\is-fullwidth-code-point to=dist_electron\win-unpacked\resources\app\node_modules\is-fullwidth-code-point filesCount=3
  • identified module  dep=is-stream from=node_modules\is-stream to=dist_electron\win-unpacked\resources\app\node_modules\is-stream filesCount=3
  • identified module  dep=isarray from=node_modules\lazystream\node_modules\isarray to=dist_electron\win-unpacked\resources\app\node_modules\isarray filesCount=5
  • identified module  dep=isexe from=node_modules\isexe to=dist_electron\win-unpacked\resources\app\node_modules\isexe filesCount=5
  • identified module  dep=jackspeak from=node_modules\jackspeak to=dist_electron\win-unpacked\resources\app\node_modules\jackspeak filesCount=16
  • identified module  dep=js-tokens from=node_modules\js-tokens to=dist_electron\win-unpacked\resources\app\node_modules\js-tokens filesCount=3
  • identified module  dep=jsonfile from=node_modules\jsonfile to=dist_electron\win-unpacked\resources\app\node_modules\jsonfile filesCount=4
  • identified module  dep=jsonwebtoken from=node_modules\jsonwebtoken to=dist_electron\win-unpacked\resources\app\node_modules\jsonwebtoken filesCount=14
  • identified module  dep=semver from=node_modules\jsonwebtoken\node_modules\semver to=dist_electron\win-unpacked\resources\app\node_modules\jsonwebtoken\node_modules\semver filesCount=51
  • identified module  dep=jspdf from=node_modules\jspdf to=dist_electron\win-unpacked\resources\app\node_modules\jspdf filesCount=16
  • identified module  dep=jspdf-autotable from=node_modules\jspdf-autotable to=dist_electron\win-unpacked\resources\app\node_modules\jspdf-autotable filesCount=5
  • identified module  dep=jwa from=node_modules\jwa to=dist_electron\win-unpacked\resources\app\node_modules\jwa filesCount=4
  • identified module  dep=jws from=node_modules\jws to=dist_electron\win-unpacked\resources\app\node_modules\jws filesCount=8
  • identified module  dep=lazystream from=node_modules\lazystream to=dist_electron\win-unpacked\resources\app\node_modules\lazystream filesCount=3
  • identified module  dep=readable-stream from=node_modules\lazystream\node_modules\readable-stream to=dist_electron\win-unpacked\resources\app\node_modules\lazystream\node_modules\readable-stream filesCount=22
  • identified module  dep=safe-buffer from=node_modules\lazystream\node_modules\safe-buffer to=dist_electron\win-unpacked\resources\app\node_modules\lazystream\node_modules\safe-buffer filesCount=3
  • identified module  dep=string_decoder from=node_modules\lazystream\node_modules\string_decoder to=dist_electron\win-unpacked\resources\app\node_modules\lazystream\node_modules\string_decoder filesCount=3
  • identified module  dep=lodash from=node_modules\lodash to=dist_electron\win-unpacked\resources\app\node_modules\lodash filesCount=1050
  • identified module  dep=lodash.includes from=node_modules\lodash.includes to=dist_electron\win-unpacked\resources\app\node_modules\lodash.includes filesCount=3
  • identified module  dep=lodash.isboolean from=node_modules\lodash.isboolean to=dist_electron\win-unpacked\resources\app\node_modules\lodash.isboolean filesCount=3
  • identified module  dep=lodash.isinteger from=node_modules\lodash.isinteger to=dist_electron\win-unpacked\resources\app\node_modules\lodash.isinteger filesCount=3
  • identified module  dep=lodash.isnumber from=node_modules\lodash.isnumber to=dist_electron\win-unpacked\resources\app\node_modules\lodash.isnumber filesCount=3
  • identified module  dep=lodash.isplainobject from=node_modules\lodash.isplainobject to=dist_electron\win-unpacked\resources\app\node_modules\lodash.isplainobject filesCount=3
  • identified module  dep=lodash.isstring from=node_modules\lodash.isstring to=dist_electron\win-unpacked\resources\app\node_modules\lodash.isstring filesCount=3
  • identified module  dep=lodash.once from=node_modules\lodash.once to=dist_electron\win-unpacked\resources\app\node_modules\lodash.once filesCount=3
  • identified module  dep=loose-envify from=node_modules\loose-envify to=dist_electron\win-unpacked\resources\app\node_modules\loose-envify filesCount=7
  • identified module  dep=lru-cache from=node_modules\path-scurry\node_modules\lru-cache to=dist_electron\win-unpacked\resources\app\node_modules\lru-cache filesCount=14
  • identified module  dep=lucide-react from=node_modules\lucide-react to=dist_electron\win-unpacked\resources\app\node_modules\lucide-react filesCount=2448
  • identified module  dep=math-intrinsics from=node_modules\math-intrinsics to=dist_electron\win-unpacked\resources\app\node_modules\math-intrinsics filesCount=18
  • identified module  dep=media-typer from=node_modules\media-typer to=dist_electron\win-unpacked\resources\app\node_modules\media-typer filesCount=4
  • identified module  dep=merge-descriptors from=node_modules\merge-descriptors to=dist_electron\win-unpacked\resources\app\node_modules\merge-descriptors filesCount=4
  • identified module  dep=methods from=node_modules\methods to=dist_electron\win-unpacked\resources\app\node_modules\methods filesCount=4
  • identified module  dep=mime from=node_modules\send\node_modules\mime to=dist_electron\win-unpacked\resources\app\node_modules\mime filesCount=7
  • identified module  dep=mime-db from=node_modules\mime-db to=dist_electron\win-unpacked\resources\app\node_modules\mime-db filesCount=5
  • identified module  dep=mime-types from=node_modules\mime-types to=dist_electron\win-unpacked\resources\app\node_modules\mime-types filesCount=4
  • identified module  dep=mimic-response from=node_modules\decompress-response\node_modules\mimic-response to=dist_electron\win-unpacked\resources\app\node_modules\mimic-response filesCount=3
  • identified module  dep=minimatch from=node_modules\archiver-utils\node_modules\minimatch to=dist_electron\win-unpacked\resources\app\node_modules\minimatch filesCount=40
  • identified module  dep=minimist from=node_modules\minimist to=dist_electron\win-unpacked\resources\app\node_modules\minimist filesCount=4
  • identified module  dep=minipass from=node_modules\archiver-utils\node_modules\minipass to=dist_electron\win-unpacked\resources\app\node_modules\minipass filesCount=10
  • identified module  dep=mkdirp from=node_modules\mkdirp to=dist_electron\win-unpacked\resources\app\node_modules\mkdirp filesCount=5
  • identified module  dep=mkdirp-classic from=node_modules\mkdirp-classic to=dist_electron\win-unpacked\resources\app\node_modules\mkdirp-classic filesCount=3
  • identified module  dep=ms from=node_modules\ms to=dist_electron\win-unpacked\resources\app\node_modules\ms filesCount=3
  • identified module  dep=multer from=node_modules\multer to=dist_electron\win-unpacked\resources\app\node_modules\multer filesCount=10
  • identified module  dep=napi-build-utils from=node_modules\napi-build-utils to=dist_electron\win-unpacked\resources\app\node_modules\napi-build-utils filesCount=4
  • identified module  dep=negotiator from=node_modules\negotiator to=dist_electron\win-unpacked\resources\app\node_modules\negotiator filesCount=8
  • identified module  dep=node-abi from=node_modules\node-abi to=dist_electron\win-unpacked\resources\app\node_modules\node-abi filesCount=4
  • identified module  dep=node-machine-id from=node_modules\node-machine-id to=dist_electron\win-unpacked\resources\app\node_modules\node-machine-id filesCount=7
  • identified module  dep=normalize-path from=node_modules\normalize-path to=dist_electron\win-unpacked\resources\app\node_modules\normalize-path filesCount=3
  • identified module  dep=object-assign from=node_modules\object-assign to=dist_electron\win-unpacked\resources\app\node_modules\object-assign filesCount=3
  • identified module  dep=object-inspect from=node_modules\object-inspect to=dist_electron\win-unpacked\resources\app\node_modules\object-inspect filesCount=7
  • identified module  dep=on-finished from=node_modules\on-finished to=dist_electron\win-unpacked\resources\app\node_modules\on-finished filesCount=4
  • identified module  dep=once from=node_modules\once to=dist_electron\win-unpacked\resources\app\node_modules\once filesCount=3
  • identified module  dep=package-json-from-dist from=node_modules\package-json-from-dist to=dist_electron\win-unpacked\resources\app\node_modules\package-json-from-dist filesCount=10
  • identified module  dep=pako from=node_modules\pako to=dist_electron\win-unpacked\resources\app\node_modules\pako filesCount=32
  • identified module  dep=parseurl from=node_modules\parseurl to=dist_electron\win-unpacked\resources\app\node_modules\parseurl filesCount=4
  • identified module  dep=path-key from=node_modules\path-key to=dist_electron\win-unpacked\resources\app\node_modules\path-key filesCount=3
  • identified module  dep=path-scurry from=node_modules\path-scurry to=dist_electron\win-unpacked\resources\app\node_modules\path-scurry filesCount=10
  • identified module  dep=minipass from=node_modules\minipass to=dist_electron\win-unpacked\resources\app\node_modules\path-scurry\node_modules\minipass filesCount=4
  • identified module  dep=path-to-regexp from=node_modules\path-to-regexp to=dist_electron\win-unpacked\resources\app\node_modules\path-to-regexp filesCount=3
  • identified module  dep=performance-now from=node_modules\performance-now to=dist_electron\win-unpacked\resources\app\node_modules\performance-now filesCount=6
  • identified module  dep=prebuild-install from=node_modules\prebuild-install to=dist_electron\win-unpacked\resources\app\node_modules\prebuild-install filesCount=13
  • identified module  dep=process from=node_modules\process to=dist_electron\win-unpacked\resources\app\node_modules\process filesCount=5
  • identified module  dep=process-nextick-args from=node_modules\process-nextick-args to=dist_electron\win-unpacked\resources\app\node_modules\process-nextick-args filesCount=3
  • identified module  dep=proxy-addr from=node_modules\proxy-addr to=dist_electron\win-unpacked\resources\app\node_modules\proxy-addr filesCount=4
  • identified module  dep=pump from=node_modules\pump to=dist_electron\win-unpacked\resources\app\node_modules\pump filesCount=6
  • identified module  dep=qs from=node_modules\qs to=dist_electron\win-unpacked\resources\app\node_modules\qs filesCount=11
  • identified module  dep=raf from=node_modules\raf to=dist_electron\win-unpacked\resources\app\node_modules\raf filesCount=6
  • identified module  dep=range-parser from=node_modules\range-parser to=dist_electron\win-unpacked\resources\app\node_modules\range-parser filesCount=4
  • identified module  dep=raw-body from=node_modules\raw-body to=dist_electron\win-unpacked\resources\app\node_modules\raw-body filesCount=3
  • identified module  dep=rc from=node_modules\rc to=dist_electron\win-unpacked\resources\app\node_modules\rc filesCount=8
  • identified module  dep=react from=node_modules\react to=dist_electron\win-unpacked\resources\app\node_modules\react filesCount=19
  • identified module  dep=react-day-picker from=node_modules\react-day-picker to=dist_electron\win-unpacked\resources\app\node_modules\react-day-picker filesCount=546
  • identified module  dep=react-dom from=node_modules\react-dom to=dist_electron\win-unpacked\resources\app\node_modules\react-dom filesCount=31
  • identified module  dep=react-redux from=node_modules\react-redux to=dist_electron\win-unpacked\resources\app\node_modules\react-redux filesCount=45
  • identified module  dep=react-remove-scroll from=node_modules\react-remove-scroll to=dist_electron\win-unpacked\resources\app\node_modules\react-remove-scroll filesCount=34
  • identified module  dep=react-remove-scroll-bar from=node_modules\react-remove-scroll-bar to=dist_electron\win-unpacked\resources\app\node_modules\react-remove-scroll-bar filesCount=14
  • identified module  dep=react-router from=node_modules\react-router to=dist_electron\win-unpacked\resources\app\node_modules\react-router filesCount=13
  • identified module  dep=react-router-dom from=node_modules\react-router-dom to=dist_electron\win-unpacked\resources\app\node_modules\react-router-dom filesCount=17
  • identified module  dep=react-style-singleton from=node_modules\react-style-singleton to=dist_electron\win-unpacked\resources\app\node_modules\react-style-singleton filesCount=15
  • identified module  dep=readable-stream from=node_modules\zip-stream\node_modules\readable-stream to=dist_electron\win-unpacked\resources\app\node_modules\readable-stream filesCount=34
  • identified module  dep=readdir-glob from=node_modules\readdir-glob to=dist_electron\win-unpacked\resources\app\node_modules\readdir-glob filesCount=3
  • identified module  dep=minimatch from=node_modules\readdir-glob\node_modules\minimatch to=dist_electron\win-unpacked\resources\app\node_modules\readdir-glob\node_modules\minimatch filesCount=4
  • identified module  dep=recharts from=node_modules\recharts to=dist_electron\win-unpacked\resources\app\node_modules\recharts filesCount=505
  • identified module  dep=immer from=node_modules\immer to=dist_electron\win-unpacked\resources\app\node_modules\recharts\node_modules\immer filesCount=30
  • identified module  dep=redux from=node_modules\redux to=dist_electron\win-unpacked\resources\app\node_modules\redux filesCount=26
  • identified module  dep=redux-thunk from=node_modules\redux-thunk to=dist_electron\win-unpacked\resources\app\node_modules\redux-thunk filesCount=7
  • identified module  dep=regenerator-runtime from=node_modules\regenerator-runtime to=dist_electron\win-unpacked\resources\app\node_modules\regenerator-runtime filesCount=4
  • identified module  dep=require-directory from=node_modules\require-directory to=dist_electron\win-unpacked\resources\app\node_modules\require-directory filesCount=4
  • identified module  dep=reselect from=node_modules\reselect to=dist_electron\win-unpacked\resources\app\node_modules\reselect filesCount=27
  • identified module  dep=rgbcolor from=node_modules\rgbcolor to=dist_electron\win-unpacked\resources\app\node_modules\rgbcolor filesCount=4
  • identified module  dep=rxjs from=node_modules\rxjs to=dist_electron\win-unpacked\resources\app\node_modules\rxjs filesCount=2025
  • identified module  dep=safe-buffer from=node_modules\safe-buffer to=dist_electron\win-unpacked\resources\app\node_modules\safe-buffer filesCount=3
  • identified module  dep=safer-buffer from=node_modules\safer-buffer to=dist_electron\win-unpacked\resources\app\node_modules\safer-buffer filesCount=6
  • identified module  dep=scheduler from=node_modules\scheduler to=dist_electron\win-unpacked\resources\app\node_modules\scheduler filesCount=16
  • identified module  dep=semver from=node_modules\node-abi\node_modules\semver to=dist_electron\win-unpacked\resources\app\node_modules\semver filesCount=51
  • identified module  dep=send from=node_modules\send to=dist_electron\win-unpacked\resources\app\node_modules\send filesCount=5
  • identified module  dep=serve-static from=node_modules\serve-static to=dist_electron\win-unpacked\resources\app\node_modules\serve-static filesCount=4
  • identified module  dep=setprototypeof from=node_modules\setprototypeof to=dist_electron\win-unpacked\resources\app\node_modules\setprototypeof filesCount=3
  • identified module  dep=shebang-command from=node_modules\shebang-command to=dist_electron\win-unpacked\resources\app\node_modules\shebang-command filesCount=3
  • identified module  dep=shebang-regex from=node_modules\shebang-regex to=dist_electron\win-unpacked\resources\app\node_modules\shebang-regex filesCount=3
  • identified module  dep=shell-quote from=node_modules\shell-quote to=dist_electron\win-unpacked\resources\app\node_modules\shell-quote filesCount=8
  • identified module  dep=side-channel from=node_modules\side-channel to=dist_electron\win-unpacked\resources\app\node_modules\side-channel filesCount=6
  • identified module  dep=side-channel-list from=node_modules\side-channel-list to=dist_electron\win-unpacked\resources\app\node_modules\side-channel-list filesCount=6
  • identified module  dep=side-channel-map from=node_modules\side-channel-map to=dist_electron\win-unpacked\resources\app\node_modules\side-channel-map filesCount=6
  • identified module  dep=side-channel-weakmap from=node_modules\side-channel-weakmap to=dist_electron\win-unpacked\resources\app\node_modules\side-channel-weakmap filesCount=6
  • identified module  dep=signal-exit from=node_modules\signal-exit to=dist_electron\win-unpacked\resources\app\node_modules\signal-exit filesCount=22
  • identified module  dep=simple-concat from=node_modules\simple-concat to=dist_electron\win-unpacked\resources\app\node_modules\simple-concat filesCount=3
  • identified module  dep=simple-get from=node_modules\simple-get to=dist_electron\win-unpacked\resources\app\node_modules\simple-get filesCount=3
  • identified module  dep=sonner from=node_modules\sonner to=dist_electron\win-unpacked\resources\app\node_modules\sonner filesCount=6
  • identified module  dep=ssf from=node_modules\ssf to=dist_electron\win-unpacked\resources\app\node_modules\ssf filesCount=5
  • identified module  dep=stackblur-canvas from=node_modules\stackblur-canvas to=dist_electron\win-unpacked\resources\app\node_modules\stackblur-canvas filesCount=13
  • identified module  dep=statuses from=node_modules\statuses to=dist_electron\win-unpacked\resources\app\node_modules\statuses filesCount=5
  • identified module  dep=streamsearch from=node_modules\streamsearch to=dist_electron\win-unpacked\resources\app\node_modules\streamsearch filesCount=4
  • identified module  dep=streamx from=node_modules\streamx to=dist_electron\win-unpacked\resources\app\node_modules\streamx filesCount=3
  • identified module  dep=string_decoder from=node_modules\string_decoder to=dist_electron\win-unpacked\resources\app\node_modules\string_decoder filesCount=3
  • identified module  dep=string-width from=node_modules\string-width to=dist_electron\win-unpacked\resources\app\node_modules\string-width filesCount=3
  • identified module  dep=string-width-cjs from=node_modules\string-width-cjs to=dist_electron\win-unpacked\resources\app\node_modules\string-width-cjs filesCount=3
  • identified module  dep=strip-ansi from=node_modules\strip-ansi to=dist_electron\win-unpacked\resources\app\node_modules\strip-ansi filesCount=3
  • identified module  dep=strip-ansi-cjs from=node_modules\strip-ansi-cjs to=dist_electron\win-unpacked\resources\app\node_modules\strip-ansi-cjs filesCount=3
  • identified module  dep=strip-json-comments from=node_modules\rc\node_modules\strip-json-comments to=dist_electron\win-unpacked\resources\app\node_modules\strip-json-comments filesCount=3
  • identified module  dep=supports-color from=node_modules\chalk\node_modules\supports-color to=dist_electron\win-unpacked\resources\app\node_modules\supports-color filesCount=4
  • identified module  dep=svg-pathdata from=node_modules\svg-pathdata to=dist_electron\win-unpacked\resources\app\node_modules\svg-pathdata filesCount=15
  • identified module  dep=tailwind-merge from=node_modules\tailwind-merge to=dist_electron\win-unpacked\resources\app\node_modules\tailwind-merge filesCount=27
  • identified module  dep=tar-fs from=node_modules\tar-fs to=dist_electron\win-unpacked\resources\app\node_modules\tar-fs filesCount=3
  • identified module  dep=readable-stream from=node_modules\readable-stream to=dist_electron\win-unpacked\resources\app\node_modules\tar-fs\node_modules\readable-stream filesCount=24
  • identified module  dep=tar-stream from=node_modules\tar-stream to=dist_electron\win-unpacked\resources\app\node_modules\tar-fs\node_modules\tar-stream filesCount=7
  • identified module  dep=tar-stream from=node_modules\archiver\node_modules\tar-stream to=dist_electron\win-unpacked\resources\app\node_modules\tar-stream filesCount=7
  • identified module  dep=text-decoder from=node_modules\text-decoder to=dist_electron\win-unpacked\resources\app\node_modules\text-decoder filesCount=6
  • identified module  dep=text-segmentation from=node_modules\text-segmentation to=dist_electron\win-unpacked\resources\app\node_modules\text-segmentation filesCount=13
  • identified module  dep=tiny-invariant from=node_modules\tiny-invariant to=dist_electron\win-unpacked\resources\app\node_modules\tiny-invariant filesCount=10
  • identified module  dep=toidentifier from=node_modules\toidentifier to=dist_electron\win-unpacked\resources\app\node_modules\toidentifier filesCount=4
  • identified module  dep=tree-kill from=node_modules\tree-kill to=dist_electron\win-unpacked\resources\app\node_modules\tree-kill filesCount=4
  • identified module  dep=tslib from=node_modules\tslib to=dist_electron\win-unpacked\resources\app\node_modules\tslib filesCount=11
  • identified module  dep=tunnel-agent from=node_modules\tunnel-agent to=dist_electron\win-unpacked\resources\app\node_modules\tunnel-agent filesCount=3
  • identified module  dep=type-is from=node_modules\type-is to=dist_electron\win-unpacked\resources\app\node_modules\type-is filesCount=4
  • identified module  dep=typedarray from=node_modules\typedarray to=dist_electron\win-unpacked\resources\app\node_modules\typedarray filesCount=3
  • identified module  dep=universalify from=node_modules\universalify to=dist_electron\win-unpacked\resources\app\node_modules\universalify filesCount=3
  • identified module  dep=unpipe from=node_modules\unpipe to=dist_electron\win-unpacked\resources\app\node_modules\unpipe filesCount=4
  • identified module  dep=use-callback-ref from=node_modules\use-callback-ref to=dist_electron\win-unpacked\resources\app\node_modules\use-callback-ref filesCount=32
  • identified module  dep=use-sidecar from=node_modules\use-sidecar to=dist_electron\win-unpacked\resources\app\node_modules\use-sidecar filesCount=29
  • identified module  dep=use-sync-external-store from=node_modules\use-sync-external-store to=dist_electron\win-unpacked\resources\app\node_modules\use-sync-external-store filesCount=17
  • identified module  dep=util-deprecate from=node_modules\util-deprecate to=dist_electron\win-unpacked\resources\app\node_modules\util-deprecate filesCount=5
  • identified module  dep=utils-merge from=node_modules\utils-merge to=dist_electron\win-unpacked\resources\app\node_modules\utils-merge filesCount=3
  • identified module  dep=utrie from=node_modules\utrie to=dist_electron\win-unpacked\resources\app\node_modules\utrie filesCount=15
  • identified module  dep=uuid from=node_modules\uuid to=dist_electron\win-unpacked\resources\app\node_modules\uuid filesCount=97
  • identified module  dep=vary from=node_modules\vary to=dist_electron\win-unpacked\resources\app\node_modules\vary filesCount=4
  • identified module  dep=victory-vendor from=node_modules\victory-vendor to=dist_electron\win-unpacked\resources\app\node_modules\victory-vendor filesCount=290
  • identified module  dep=which from=node_modules\which to=dist_electron\win-unpacked\resources\app\node_modules\which filesCount=4
  • identified module  dep=wmf from=node_modules\wmf to=dist_electron\win-unpacked\resources\app\node_modules\wmf filesCount=6
  • identified module  dep=word from=node_modules\word to=dist_electron\win-unpacked\resources\app\node_modules\word filesCount=4
  • identified module  dep=wrap-ansi from=node_modules\@isaacs\cliui\node_modules\wrap-ansi to=dist_electron\win-unpacked\resources\app\node_modules\wrap-ansi filesCount=3
  • identified module  dep=ansi-regex from=node_modules\@isaacs\cliui\node_modules\ansi-regex to=dist_electron\win-unpacked\resources\app\node_modules\wrap-ansi\node_modules\ansi-regex filesCount=3
  • identified module  dep=ansi-styles from=node_modules\@isaacs\cliui\node_modules\ansi-styles to=dist_electron\win-unpacked\resources\app\node_modules\wrap-ansi\node_modules\ansi-styles filesCount=3
  • identified module  dep=emoji-regex from=node_modules\@isaacs\cliui\node_modules\emoji-regex to=dist_electron\win-unpacked\resources\app\node_modules\wrap-ansi\node_modules\emoji-regex filesCount=8
  • identified module  dep=string-width from=node_modules\@isaacs\cliui\node_modules\string-width to=dist_electron\win-unpacked\resources\app\node_modules\wrap-ansi\node_modules\string-width filesCount=3
  • identified module  dep=strip-ansi from=node_modules\@isaacs\cliui\node_modules\strip-ansi to=dist_electron\win-unpacked\resources\app\node_modules\wrap-ansi\node_modules\strip-ansi filesCount=3
  • identified module  dep=wrap-ansi-cjs from=node_modules\wrap-ansi-cjs to=dist_electron\win-unpacked\resources\app\node_modules\wrap-ansi-cjs filesCount=3
  • identified module  dep=wrappy from=node_modules\wrappy to=dist_electron\win-unpacked\resources\app\node_modules\wrappy filesCount=3
  • identified module  dep=xlsx from=node_modules\xlsx to=dist_electron\win-unpacked\resources\app\node_modules\xlsx filesCount=23
  • identified module  dep=xtend from=node_modules\xtend to=dist_electron\win-unpacked\resources\app\node_modules\xtend filesCount=5
  • identified module  dep=y18n from=node_modules\y18n to=dist_electron\win-unpacked\resources\app\node_modules\y18n filesCount=7
  • identified module  dep=yargs from=node_modules\yargs to=dist_electron\win-unpacked\resources\app\node_modules\yargs filesCount=60
  • identified module  dep=yargs-parser from=node_modules\yargs-parser to=dist_electron\win-unpacked\resources\app\node_modules\yargs-parser filesCount=9
  • identified module  dep=zip-stream from=node_modules\zip-stream to=dist_electron\win-unpacked\resources\app\node_modules\zip-stream filesCount=3
  • not packed into asar archive  file=node_modules\better-sqlite3\build\Release\better_sqlite3.node reason=contains executable code
  • updating asar integrity executable resource  executablePath=dist_electron\win-unpacked\StandPOS.exe
  • getPublishConfigsForUpdateInfo: no publishConfigs, detect using repository info
  • spawning        command=C:\Users\willy\OneDrive\Desktop\Backup\Back\StandPOS\node_modules\app-builder-bin\win\x64\app-builder.exe icon --format ico --root C:\Users\willy\OneDrive\Desktop\Backup\Back\StandPOS\build --root C:\Users\willy\OneDrive\Desktop\Backup\Back\StandPOS --out C:\Users\willy\OneDrive\Desktop\Backup\Back\StandPOS\dist_electron\.icon-ico --input public/icon.png
  • path doesn't exist  path=C:\Users\willy\OneDrive\Desktop\Backup\Back\StandPOS\build\public\icon.png
  • path resolved   path=C:\Users\willy\OneDrive\Desktop\Backup\Back\StandPOS\public\icon.png outputFormat=ico
  • exited          command=app-builder.exe code=0 pid=3264 out={"icons":[{"file":"C:\\Users\\willy\\OneDrive\\Desktop\\Backup\\Back\\StandPOS\\dist_electron\\.icon-ico\\icon.ico","size":256}],"isFallback":false}
  • spawning        command=C:\Users\willy\OneDrive\Desktop\Backup\Back\StandPOS\node_modules\app-builder-bin\win\x64\app-builder.exe rcedit --args ["C:\\Users\\willy\\OneDrive\\Desktop\\Backup\\Back\\StandPOS\\dist_electron\\win-unpacked\\StandPOS.exe","--set-version-string","FileDescription","StandPOS","--set-version-string","ProductName","StandPOS","--set-version-string","LegalCopyright","Copyright © 2026 Willy Sd","--set-file-version","1.0.0","--set-p 2a0313ef281c7e8cdf7341bb08e3462da98aff15921ebf2c4b21410ced239ed8 (sha256 hash) (sha256 hash) Sd","--set-icon","C:\\Users\\willy\\OneDrive\\Desktop\\Backup\\Back\\StandPOS\\dist_electron\\.icon-ico\\icon.ico"]
  • found existing  path=C:\Users\willy\AppData\Local\electron-builder\Cache\winCodeSign\winCodeSign-2.6.0
  • execute command  command='C:\Users\willy\AppData\Local\electron-builder\Cache\winCodeSign\winCodeSign-2.6.0\rcedit-x64.exe' 'C:\Users\willy\OneDrive\Desktop\Backup\Back\StandPOS\dist_electron\win-unpacked\StandPOS.exe' --set-version-string FileDescription StandPOS --set-version-string ProductName StandPOS --set-version-string LegalCopyright 'Copyright © 2026 Willy Sd' --set-file-version 1.0.0 --set-product-version 1.0.0.0 --set-version-string InternalName StandPOS --set-version-string OriginalFilename '' --set-version-string CompanyName 'Willy Sd' --set-icon 'C:\Users\willy\OneDrive\Desktop\Backup\Back\StandPOS\dist_electron\.icon-ico\icon.ico'
                     workingDirectory=
  • command executed  executable=C:\Users\willy\AppData\Local\electron-builder\Cache\winCodeSign\winCodeSign-2.6.0\rcedit-x64.exe
  • exited          command=app-builder.exe code=0 pid=5244
  • signing with signtool.exe  path=dist_electron\win-unpacked\StandPOS.exe
  • no signing info identified, signing is skipped  signHook=false cscInfo=null
wine&sign: 6s 722ms
  • no event listeners found  event=afterSign
  • building        target=nsis file=dist_electron\StandPOS Setup 1.0.0.exe archs=x64 oneClick=false perMachine=false
  • no event listeners found  event=artifactBuildStarted
  • spawning        command=C:\Users\willy\OneDrive\Desktop\Backup\Back\StandPOS\node_modules\app-builder-bin\win\x64\app-builder.exe download-artifact --name nsis-3.0.4.1-nsis-3.0.4.1 --url https://github.com/electron-userland/electron-builder-binaries/releases/download/nsis-3.0.4.1/nsis-3.0.4.1.7z --sha512 VKMiizYdmNdJOWpRGz4trl4lD++BvYP2irAXpMilheUP0pc93iKlWAoP843Vlraj8YG19CVn0j+dCo/hURz9+Q==
  • found existing  path=C:\Users\willy\AppData\Local\electron-builder\Cache\nsis\nsis-3.0.4.1-nsis-3.0.4.1
  • exited          command=app-builder.exe code=0 pid=17816 out=C:\Users\willy\AppData\Local\electron-builder\Cache\nsis\nsis-3.0.4.1-nsis-3.0.4.1
  • signing with signtool.exe  path=dist_electron\win-unpacked\resources\elevate.exe
  • no signing info identified, signing is skipped  signHook=false cscInfo=null
  • executing       file=C:\Users\willy\OneDrive\Desktop\Backup\Back\StandPOS\node_modules\7zip-bin\win\x64\7za.exe args=a -bd -mx=9 -md=1m -mtc=off -ms=off -mtm=off -mta=off C:\Users\willy\OneDrive\Desktop\Backup\Back\StandPOS\dist_electron\standpos-1.0.0-x64.nsis.7z . -xr!*.avi -xr!*.mov -xr!*.m4v -xr!*.mp4 -xr!*.m4p -xr!*.qt -xr!*.mkv -xr!*.webm -xr!*.vmdk cwd=C:\Users\willy\OneDrive\Desktop\Backup\Back\StandPOS\dist_electron\win-unpacked
nsis package, x64: 78s 189ms
  • executing       file=C:\Users\willy\OneDrive\Desktop\Backup\Back\StandPOS\node_modules\7zip-bin\win\x64\7za.exe args=l C:\Users\willy\OneDrive\Desktop\Backup\Back\StandPOS\dist_electron\standpos-1.0.0-x64.nsis.7z
  • executed        file=C:\Users\willy\OneDrive\Desktop\Backup\Back\StandPOS\node_modules\7zip-bin\win\x64\7za.exe stdout=
7-Zip (a) 21.07 (x64) : Copyright (c) 1999-2021 Igor Pavlov : 2021-12-26
                      Scanning the drive for archives:
1 file, 96315799 bytes (92 MiB)
                      Listing archive: C:\Users\willy\OneDrive\Desktop\Backup\Back\StandPOS\dist_electron\standpos-1.0.0-x64.nsis.7z
                      --
Path = C:\Users\willy\OneDrive\Desktop\Backup\Back\StandPOS\dist_electron\standpos-1.0.0-x64.nsis.7z
Type = 7z
Physical Size = 96315799
Headers Size = 2002
Method = LZMA2:20 LZMA:20 BCJ2
Solid = -
Blocks = 101
                         Date      Time    Attr         Size   Compressed  Name
------------------- ----- ------------ ------------  ------------------------
                    D....            0            0  locales
                    D....            0            0  resources
                    D....            0            0  resources\app.asar.unpacked
                    D....            0            0  resources\app.asar.unpacked\node_modules
                    D....            0            0  resources\app.asar.unpacked\node_modules\better-sqlite3
                    D....            0            0  resources\app.asar.unpacked\node_modules\better-sqlite3\build
                    D....            0            0  resources\app.asar.unpacked\node_modules\better-sqlite3\build\Release
                    D....            0            0  resources\app.asar.unpacked\node_modules\better-sqlite3\deps
                    D....            0            0  resources\app.asar.unpacked\node_modules\better-sqlite3\deps\patches
                    D....            0            0  resources\app.asar.unpacked\node_modules\better-sqlite3\deps\sqlite3
                    D....            0            0  resources\app.asar.unpacked\node_modules\better-sqlite3\lib
                    D....            0            0  resources\app.asar.unpacked\node_modules\better-sqlite3\lib\methods
                    D....            0            0  resources\app.asar.unpacked\node_modules\better-sqlite3\src
                    ....A       154426       143487  chrome_100_percent.pak
                    ....A       235060       220618  chrome_200_percent.pak
                    ....A     10717680      3447515  icudtl.dat
                    ....A         1096          690  LICENSE.electron.txt
                    ....A      9174266       243100  LICENSES.chromium.html
                    ....A       489715       119615  locales\af.pak
                    ....A       794986       135586  locales\am.pak
                    ....A       871955       139473  locales\ar.pak
                    ....A       906398       134901  locales\bg.pak
                    ....A      1170199       140957  locales\bn.pak
                    ....A       551632       123127  locales\ca.pak
                    ....A       568567       132508  locales\cs.pak
                    ....A       513715       120346  locales\da.pak
                    ....A       549246       127050  locales\de.pak
                    ....A       994931       142384  locales\el.pak
                    ....A       447042       111287  locales\en-GB.pak
                    ....A       451080       111552  locales\en-US.pak
                    ....A       543303       122752  locales\es-419.pak
                    ....A       543232       122179  locales\es.pak
                    ....A       493540       123050  locales\et.pak
                    ....A       808052       131365  locales\fa.pak
                    ....A       504052       122949  locales\fi.pak
                    ....A       569703       122915  locales\fil.pak
                    ....A       587932       127218  locales\fr.pak
                    ....A      1148544       139707  locales\gu.pak
                    ....A       708276       128670  locales\he.pak
                    ....A      1211426       144189  locales\hi.pak
                    ....A       548310       128199  locales\hr.pak
                    ....A       590492       134285  locales\hu.pak
                    ....A       486837       111570  locales\id.pak
                    ....A       536254       121243  locales\it.pak
                    ....A       655212       117417  locales\ja.pak
                    ....A      1316964       141462  locales\kn.pak
                    ....A       553673       114158  locales\ko.pak
                    ....A       594260       130578  locales\lt.pak
                    ....A       593573       131663  locales\lv.pak
                    ....A      1369647       145163  locales\ml.pak
                    ....A      1125467       136789  locales\mr.pak
                    ....A       510468       113579  locales\ms.pak
                    ....A       495339       117779  locales\nb.pak
                    ....A       511257       120787  locales\nl.pak
                    ....A       571219       133107  locales\pl.pak
                    ....A       537107       122493  locales\pt-BR.pak
                    ....A       539844       121237  locales\pt-PT.pak
                    ....A       559523       124867  locales\ro.pak
                    ....A       919180       141229  locales\ru.pak
                    ....A       577498       135447  locales\sk.pak
                    ....A       554338       128035  locales\sl.pak
                    ....A       853696       134934  locales\sr.pak
                    ....A       498248       117829  locales\sv.pak
                    ....A       524797       120958  locales\sw.pak
                    ....A      1358123       140665  locales\ta.pak
                    ....A      1255925       141355  locales\te.pak
                    ....A      1055231       124117  locales\th.pak
                    ....A       535874       122300  locales\tr.pak
                    ....A       918373       139675  locales\uk.pak
                    ....A       801665       131378  locales\ur.pak
                    ....A       634523       121566  locales\vi.pak
                    ....A       458528       113416  locales\zh-CN.pak
                    ....A       453011       111845  locales\zh-TW.pak
                    ....A    160181616     17424421  resources\app.asar
                    ....A      1720320       757842  resources\app.asar.unpacked\node_modules\better-sqlite3\build\Release\better_sqlite3.node
                    ....A         1584          576  resources\app.asar.unpacked\node_modules\better-sqlite3\deps\common.gypi
                    ....A          897          437  resources\app.asar.unpacked\node_modules\better-sqlite3\deps\copy.js
                    ....A         1128          424  resources\app.asar.unpacked\node_modules\better-sqlite3\deps\defines.gypi
                    ....A         3888         1704  resources\app.asar.unpacked\node_modules\better-sqlite3\deps\download.sh
                    ....A          597          271  resources\app.asar.unpacked\node_modules\better-sqlite3\deps\patches\1208.patch
                    ....A      9234104      1796695  resources\app.asar.unpacked\node_modules\better-sqlite3\deps\sqlite3\sqlite3.c
                    ....A       658960       136432  resources\app.asar.unpacked\node_modules\better-sqlite3\deps\sqlite3\sqlite3.h
                    ....A        38149         5817  resources\app.asar.unpacked\node_modules\better-sqlite3\deps\sqlite3\sqlite3ext.h
                    ....A         2542          734  resources\app.asar.unpacked\node_modules\better-sqlite3\deps\sqlite3.gyp
                    ....A          587          382  resources\app.asar.unpacked\node_modules\better-sqlite3\deps\test_extension.c
                    ....A         4116         1433  resources\app.asar.unpacked\node_modules\better-sqlite3\lib\database.js
                    ....A          110           87  resources\app.asar.unpacked\node_modules\better-sqlite3\lib\index.js
                    ....A         1932          775  resources\app.asar.unpacked\node_modules\better-sqlite3\lib\methods\aggregate.js
                    ....A         2380          939  resources\app.asar.unpacked\node_modules\better-sqlite3\lib\methods\backup.js
                    ....A         1396          594  resources\app.asar.unpacked\node_modules\better-sqlite3\lib\methods\function.js
                    ....A          174          136  resources\app.asar.unpacked\node_modules\better-sqlite3\lib\methods\inspect.js
                    ....A          536          332  resources\app.asar.unpacked\node_modules\better-sqlite3\lib\methods\pragma.js
                    ....A          625          338  resources\app.asar.unpacked\node_modules\better-sqlite3\lib\methods\serialize.js
                    ....A         7144         2055  resources\app.asar.unpacked\node_modules\better-sqlite3\lib\methods\table.js
                    ....A         2792          987  resources\app.asar.unpacked\node_modules\better-sqlite3\lib\methods\transaction.js
                    ....A         1145          351  resources\app.asar.unpacked\node_modules\better-sqlite3\lib\methods\wrappers.js
                    ....A          717          371  resources\app.asar.unpacked\node_modules\better-sqlite3\lib\sqlite-error.js
                    ....A          331          247  resources\app.asar.unpacked\node_modules\better-sqlite3\lib\util.js
                    ....A         1078          687  resources\app.asar.unpacked\node_modules\better-sqlite3\LICENSE
                    ....A          789          425  resources\app.asar.unpacked\node_modules\better-sqlite3\package.json
                    ....A       132535        15854  resources\app.asar.unpacked\node_modules\better-sqlite3\src\better_sqlite3.cpp
                    ....A        43385         5969  resources\app.asar.unpacked\node_modules\better-sqlite3\src\better_sqlite3.hpp
                    ....A      5281234      5245453  resources.pak
                    ....A       306214        51519  snapshot_blob.bin
                    ....A       679161       119682  v8_context_snapshot.bin
                    ....A          106           96  vk_swiftshader_icd.json
                    ....A      4916712      1561634  d3dcompiler_47.dll
                    ....A      2866176       936326  ffmpeg.dll
                    ....A       479232       166145  libEGL.dll
                    ....A      7692800      2147206  libGLESv2.dll
                    ....A       107520        49095  resources\elevate.exe
                    ....A    176299520     53267573  StandPOS.exe
                    ....A      5312000      1274953  vk_swiftshader.dll
                    ....A       954368       266485  vulkan-1.dll
------------------- ----- ------------ ------------  ------------------------
                             436145110     96313797  101 files, 13 folders

  • spawning        command=C:\Users\willy\OneDrive\Desktop\Backup\Back\StandPOS\node_modules\app-builder-bin\win\x64\app-builder.exe download-artifact --name nsis-resources-3.4.1-nsis-resources-3.4.1 --url https://github.com/electron-userland/electron-builder-binaries/releases/download/nsis-resources-3.4.1/nsis-resources-3.4.1.7z --sha512 Dqd6g+2buwwvoG1Vyf6BHR1b+25QMmPcwZx40atOT57gH27rkjOei1L0JTldxZu4NFoEmW4kJgZ3DlSWVON3+Q==
  • found existing  path=C:\Users\willy\AppData\Local\electron-builder\Cache\nsis\nsis-resources-3.4.1-nsis-resources-3.4.1
  • exited          command=app-builder.exe code=0 pid=17088 out=C:\Users\willy\AppData\Local\electron-builder\Cache\nsis\nsis-resources-3.4.1-nsis-resources-3.4.1
  • spawning        command=C:\Users\willy\AppData\Local\electron-builder\Cache\nsis\nsis-3.0.4.1-nsis-3.0.4.1\Bin\makensis.exe -WX -INPUTCHARSET UTF8 -DAPP_ID=com.standpos.pos -DAPP_GUID=7a2c5d61-eba7-5bdc-ab34-9f1f46fab4de -DUNINSTALL_APP_KEY=7a2c5d61-eba7-5bdc-ab34-9f1f46fab4de -DPRODUCT_NAME=StandPOS -DPRODUCT_FILENAME=StandPOS -DAPP_FILENAME=StandPOS -DAPP_DESCRIPTION=StandPOS by SD -DVERSION=1.0.0 -DPROJECT_DIR=C:\Users\willy\OneDrive\Desktop\Backup\Back\StandPOS -DBUILD_RESOURCES_DIR=C:\Users\willy\OneDrive\Desktop\Backup\Back\StandPOS\build -DAPP_PACKAGE_NAME=standpos -DMUI_ICON=C:\Users\willy\OneDrive\Desktop\Backup\Back\StandPOS\dist_electron\.icon-ico\icon.ico -DMUI_UNICON=C:\Users\willy\OneDrive\Desktop\Backup\Back\StandPOS\dist_electron\.icon-ico\icon.ico -DAPP_64=C:\Users\willy\OneDrive\Desktop\Backup\Back\StandPOS\dist_electron\standpos-1.0.0-x64.nsis.7z -DAPP_64_NAME=standpos-1.0.0-x64.nsis.7z -DAPP_64_HASH=B91AD51834CFEF0500B1B37462C4DF2EAEB9D6A0340238EEA51D8C07CE9E6FBEBB525A56DC34891DFE7A8C5ADA66B4E59753233EEBAB74F7DB11FFE6F6F17697 -DAPP_64_UNPACKED_SIZE=425923 -DCOMPANY_NAME=Willy Sd -DAPP_INSTALLER_STORE_FILE=standpos-updater\installer.exe -DCOMPRESSION_METHOD=7z -DMULTIUSER_INSTALLMODE_ALLOW_ELEVATION -DINSTALL_MODE_PER_ALL_USERS_REQUIRED -DallowToChangeInstallationDirectory -DSHORTCUT_NAME=StandPOS -DUNINSTALL_DISPLAY_NAME=StandPOS 1.0.0 -DMUI_WELCOMEFINISHPAGE_BITMAP=${NSISDIR}\Contrib\Graphics\Wizard\nsis3-metro.bmp -DMUI_UNWELCOMEFINISHPAGE_BITMAP=${NSISDIR}\Contrib\Graphics\Wizard\nsis3-metro.bmp -DESTIMATED_SIZE=425923 -DCOMPRESS=auto -DBUILD_UNINSTALLER -DUNINSTALLER_OUT_FILE=C:\Users\willy\OneDrive\Desktop\Backup\Back\StandPOS\dist_electron\StandPOS Setup 1.0.0.__uninstaller.exe -XOutFile "C:\Users\willy\OneDrive\Desktop\Backup\Back\StandPOS\dist_electron\StandPOS Setup 1.0.0.exe" -XVIProductVersion 1.0.0.0 -XVIAddVersionKey /LANG=1033 ProductName "StandPOS" -XVIAddVersionKey /LANG=1033 ProductVersion "1.0.0" -XVIAddVersionKey /LANG=1033 LegalCopyright "Copyright © 2026 Willy Sd" -XVIAddVersionKey /LANG=1033 FileDescription "StandPOS by SD" -XVIAddVersionKey /LANG=1033 FileVersion "1.0.0" -XVIAddVersionKey /LANG=1033 CompanyName "Willy Sd" -XUnicode true -XSetCompressor zlib - cwd=C:\Users\willy\OneDrive\Desktop\Backup\Back\StandPOS\node_modules\app-builder-lib\templates\nsis
Command line defined: "APP_ID=com.standpos.pos"
Command line defined: "APP_GUID=7a2c5d61-eba7-5bdc-ab34-9f1f46fab4de"
Command line defined: "UNINSTALL_APP_KEY=7a2c5d61-eba7-5bdc-ab34-9f1f46fab4de"
Command line defined: "PRODUCT_NAME=StandPOS"
Command line defined: "PRODUCT_FILENAME=StandPOS"
Command line defined: "APP_FILENAME=StandPOS"
Command line defined: "APP_DESCRIPTION=StandPOS by SD"
Command line defined: "VERSION=1.0.0"
Command line defined: "PROJECT_DIR=C:\Users\willy\OneDrive\Desktop\Backup\Back\StandPOS"
Command line defined: "BUILD_RESOURCES_DIR=C:\Users\willy\OneDrive\Desktop\Backup\Back\StandPOS\build"
Command line defined: "APP_PACKAGE_NAME=standpos"
Command line defined: "MUI_ICON=C:\Users\willy\OneDrive\Desktop\Backup\Back\StandPOS\dist_electron\.icon-ico\icon.ico"
Command line defined: "MUI_UNICON=C:\Users\willy\OneDrive\Desktop\Backup\Back\StandPOS\dist_electron\.icon-ico\icon.ico"
Command line defined: "APP_64=C:\Users\willy\OneDrive\Desktop\Backup\Back\StandPOS\dist_electron\standpos-1.0.0-x64.nsis.7z"
Command line defined: "APP_64_NAME=standpos-1.0.0-x64.nsis.7z"
Command line defined: "APP_64_HASH=B91AD51834CFEF0500B1B37462C4DF2EAEB9D6A0340238EEA51D8C07CE9E6FBEBB525A56DC34891DFE7A8C5ADA66B4E59753233EEBAB74F7DB11FFE6F6F17697"
Command line defined: "APP_64_UNPACKED_SIZE=425923"
Command line defined: "COMPANY_NAME=Willy Sd"
Command line defined: "APP_INSTALLER_STORE_FILE=standpos-updater\installer.exe"
Command line defined: "COMPRESSION_METHOD=7z"
Command line defined: "MULTIUSER_INSTALLMODE_ALLOW_ELEVATION"
Command line defined: "INSTALL_MODE_PER_ALL_USERS_REQUIRED"
Command line defined: "allowToChangeInstallationDirectory"
Command line defined: "SHORTCUT_NAME=StandPOS"
Command line defined: "UNINSTALL_DISPLAY_NAME=StandPOS 1.0.0"
Command line defined: "MUI_WELCOMEFINISHPAGE_BITMAP=${NSISDIR}\Contrib\Graphics\Wizard\nsis3-metro.bmp"
Command line defined: "MUI_UNWELCOMEFINISHPAGE_BITMAP=${NSISDIR}\Contrib\Graphics\Wizard\nsis3-metro.bmp"
Command line defined: "ESTIMATED_SIZE=425923"
Command line defined: "COMPRESS=auto"
Command line defined: "BUILD_UNINSTALLER"
Command line defined: "UNINSTALLER_OUT_FILE=C:\Users\willy\OneDrive\Desktop\Backup\Back\StandPOS\dist_electron\StandPOS Setup 1.0.0.__uninstaller.exe"
Processing config: C:\Users\willy\AppData\Local\electron-builder\Cache\nsis\nsis-3.0.4.1-nsis-3.0.4.1\nsisconf.nsh
Processing script file: "<stdin>" (UTF8)

Processed 1 file, 10 command line commands, writing output (x86-unicode):

Output: "C:\Users\willy\OneDrive\Desktop\Backup\Back\StandPOS\dist_electron\StandPOS Setup 1.0.0.exe"
Install: 0 pages (0 bytes), 1 section (16408 bytes), 31 instructions (868 bytes), 2932 strings (24112 bytes), 26 language tables (4316 bytes).
Uninstall: 4 pages (320 bytes), 1 section (16408 bytes), 2131 instructions (59668 bytes), 8564 strings (109902 bytes), 26 language tables (8788 bytes).

Using zlib compression.

EXE header size:               79360 / 39424 bytes
Install code:                   9831 / 46104 bytes
Install data:                      0 / 8 bytes
Uninstall code+data:          147038 / 148825 bytes
CRC (0xF854D1F5):                  4 / 4 bytes

Total size:                   236233 / 234365 bytes (100.7%)
  • exited          command=makensis.exe code=0 pid=12636
  • executing       file=C:\Users\willy\OneDrive\Desktop\Backup\Back\StandPOS\dist_electron\StandPOS Setup 1.0.0.exe args= env={
  "__COMPAT_LAYER": "RunAsInvoker"
}
  • executed        file=C:\Users\willy\OneDrive\Desktop\Backup\Back\StandPOS\dist_electron\StandPOS Setup 1.0.0.exe
  • signing with signtool.exe  path=dist_electron\StandPOS Setup 1.0.0.__uninstaller.exe
  • no signing info identified, signing is skipped  signHook=false cscInfo=null
  • spawning        command=C:\Users\willy\AppData\Local\electron-builder\Cache\nsis\nsis-3.0.4.1-nsis-3.0.4.1\Bin\makensis.exe -WX -INPUTCHARSET UTF8 -DAPP_ID=com.standpos.pos -DAPP_GUID=7a2c5d61-eba7-5bdc-ab34-9f1f46fab4de -DUNINSTALL_APP_KEY=7a2c5d61-eba7-5bdc-ab34-9f1f46fab4de -DPRODUCT_NAME=StandPOS -DPRODUCT_FILENAME=StandPOS -DAPP_FILENAME=StandPOS -DAPP_DESCRIPTION=StandPOS by SD -DVERSION=1.0.0 -DPROJECT_DIR=C:\Users\willy\OneDrive\Desktop\Backup\Back\StandPOS -DBUILD_RESOURCES_DIR=C:\Users\willy\OneDrive\Desktop\Backup\Back\StandPOS\build -DAPP_PACKAGE_NAME=standpos -DMUI_ICON=C:\Users\willy\OneDrive\Desktop\Backup\Back\StandPOS\dist_electron\.icon-ico\icon.ico -DMUI_UNICON=C:\Users\willy\OneDrive\Desktop\Backup\Back\StandPOS\dist_electron\.icon-ico\icon.ico -DAPP_64=C:\Users\willy\OneDrive\Desktop\Backup\Back\StandPOS\dist_electron\standpos-1.0.0-x64.nsis.7z -DAPP_64_NAME=standpos-1.0.0-x64.nsis.7z -DAPP_64_HASH=B91AD51834CFEF0500B1B37462C4DF2EAEB9D6A0340238EEA51D8C07CE9E6FBEBB525A56DC34891DFE7A8C5ADA66B4E59753233EEBAB74F7DB11FFE6F6F17697 -DAPP_64_UNPACKED_SIZE=425923 -DCOMPANY_NAME=Willy Sd -DAPP_INSTALLER_STORE_FILE=standpos-updater\installer.exe -DCOMPRESSION_METHOD=7z -DMULTIUSER_INSTALLMODE_ALLOW_ELEVATION -DINSTALL_MODE_PER_ALL_USERS_REQUIRED -DallowToChangeInstallationDirectory -DSHORTCUT_NAME=StandPOS -DUNINSTALL_DISPLAY_NAME=StandPOS 1.0.0 -DMUI_WELCOMEFINISHPAGE_BITMAP=${NSISDIR}\Contrib\Graphics\Wizard\nsis3-metro.bmp -DMUI_UNWELCOMEFINISHPAGE_BITMAP=${NSISDIR}\Contrib\Graphics\Wizard\nsis3-metro.bmp -DESTIMATED_SIZE=425923 -DCOMPRESS=auto -DUNINSTALLER_OUT_FILE=C:\Users\willy\OneDrive\Desktop\Backup\Back\StandPOS\dist_electron\StandPOS Setup 1.0.0.__uninstaller.exe -XOutFile "C:\Users\willy\OneDrive\Desktop\Backup\Back\StandPOS\dist_electron\StandPOS Setup 1.0.0.exe" -XVIProductVersion 1.0.0.0 -XVIAddVersionKey /LANG=1033 ProductName "StandPOS" -XVIAddVersionKey /LANG=1033 ProductVersion "1.0.0" -XVIAddVersionKey /LANG=1033 LegalCopyright "Copyright © 2026 Willy Sd" -XVIAddVersionKey /LANG=1033 FileDescription "StandPOS by SD" -XVIAddVersionKey /LANG=1033 FileVersion "1.0.0" -XVIAddVersionKey /LANG=1033 CompanyName "Willy Sd" -XUnicode true -XSetCompressor zlib - cwd=C:\Users\willy\OneDrive\Desktop\Backup\Back\StandPOS\node_modules\app-builder-lib\templates\nsis
Command line defined: "APP_ID=com.standpos.pos"
Command line defined: "APP_GUID=7a2c5d61-eba7-5bdc-ab34-9f1f46fab4de"
Command line defined: "UNINSTALL_APP_KEY=7a2c5d61-eba7-5bdc-ab34-9f1f46fab4de"
Command line defined: "PRODUCT_NAME=StandPOS"
Command line defined: "PRODUCT_FILENAME=StandPOS"
Command line defined: "APP_FILENAME=StandPOS"
Command line defined: "APP_DESCRIPTION=StandPOS by SD"
Command line defined: "VERSION=1.0.0"
Command line defined: "PROJECT_DIR=C:\Users\willy\OneDrive\Desktop\Backup\Back\StandPOS"
Command line defined: "BUILD_RESOURCES_DIR=C:\Users\willy\OneDrive\Desktop\Backup\Back\StandPOS\build"
Command line defined: "APP_PACKAGE_NAME=standpos"
Command line defined: "MUI_ICON=C:\Users\willy\OneDrive\Desktop\Backup\Back\StandPOS\dist_electron\.icon-ico\icon.ico"
Command line defined: "MUI_UNICON=C:\Users\willy\OneDrive\Desktop\Backup\Back\StandPOS\dist_electron\.icon-ico\icon.ico"
Command line defined: "APP_64=C:\Users\willy\OneDrive\Desktop\Backup\Back\StandPOS\dist_electron\standpos-1.0.0-x64.nsis.7z"
Command line defined: "APP_64_NAME=standpos-1.0.0-x64.nsis.7z"
Command line defined: "APP_64_HASH=B91AD51834CFEF0500B1B37462C4DF2EAEB9D6A0340238EEA51D8C07CE9E6FBEBB525A56DC34891DFE7A8C5ADA66B4E59753233EEBAB74F7DB11FFE6F6F17697"
Command line defined: "APP_64_UNPACKED_SIZE=425923"
Command line defined: "COMPANY_NAME=Willy Sd"
Command line defined: "APP_INSTALLER_STORE_FILE=standpos-updater\installer.exe"
Command line defined: "COMPRESSION_METHOD=7z"
Command line defined: "MULTIUSER_INSTALLMODE_ALLOW_ELEVATION"
Command line defined: "INSTALL_MODE_PER_ALL_USERS_REQUIRED"
Command line defined: "allowToChangeInstallationDirectory"
Command line defined: "SHORTCUT_NAME=StandPOS"
Command line defined: "UNINSTALL_DISPLAY_NAME=StandPOS 1.0.0"
Command line defined: "MUI_WELCOMEFINISHPAGE_BITMAP=${NSISDIR}\Contrib\Graphics\Wizard\nsis3-metro.bmp"
Command line defined: "MUI_UNWELCOMEFINISHPAGE_BITMAP=${NSISDIR}\Contrib\Graphics\Wizard\nsis3-metro.bmp"
Command line defined: "ESTIMATED_SIZE=425923"
Command line defined: "COMPRESS=auto"
Command line defined: "UNINSTALLER_OUT_FILE=C:\Users\willy\OneDrive\Desktop\Backup\Back\StandPOS\dist_electron\StandPOS Setup 1.0.0.__uninstaller.exe"
Processing config: C:\Users\willy\AppData\Local\electron-builder\Cache\nsis\nsis-3.0.4.1-nsis-3.0.4.1\nsisconf.nsh
Processing script file: "<stdin>" (UTF8)

Processed 1 file, 10 command line commands, writing output (x86-unicode):

Output: "C:\Users\willy\OneDrive\Desktop\Backup\Back\StandPOS\dist_electron\StandPOS Setup 1.0.0.exe"
Install: 4 pages (256 bytes), 1 section (16408 bytes), 2303 instructions (64484 bytes), 10279 strings (123014 bytes), 26 language tables (9412 bytes).

Using zlib compression.

EXE header size:               80896 / 39424 bytes
Install code:                  48031 / 214038 bytes
Install data:               96801353 / 97246318 bytes
CRC (0xA7D806E6):                  4 / 4 bytes

Total size:                 96930284 / 97499784 bytes (99.4%)
  • exited          command=makensis.exe code=0 pid=12996
  • signing with signtool.exe  path=dist_electron\StandPOS Setup 1.0.0.exe
  • no signing info identified, signing is skipped  signHook=false cscInfo=null
  • building block map  blockMapFile=dist_electron\StandPOS Setup 1.0.0.exe.blockmap
  • spawning        command=C:\Users\willy\OneDrive\Desktop\Backup\Back\StandPOS\node_modules\app-builder-bin\win\x64\app-builder.exe blockmap --input C:\Users\willy\OneDrive\Desktop\Backup\Back\StandPOS\dist_electron\StandPOS Setup 1.0.0.exe --output C:\Users\willy\OneDrive\Desktop\Backup\Back\StandPOS\dist_electron\StandPOS Setup 1.0.0.exe.blockmap
  • exited          command=app-builder.exe code=0 pid=8904 out={"size":96930284,"sha512":"37qGgQkRFLwGeipL9rlpevNyHoiXYYQY6QZlqbJHFtmPYbal6U8O7LJD5hMnI/DNcf8vrv1CpvTIJHYvx4lmsw=="}
  • no event listeners found  event=artifactBuildCompleted
  • no event listeners found  event=artifactBuildCompleted
  • getPublishConfigsForUpdateInfo: no publishConfigs, detect using repository info
